Archive member included to satisfy reference by file (symbol)

../src/config/default/stack/g3/mac/mac_plc/g3_lib_mac_plc.a(MacLow.o)
                              build/default/production/_ext/1570337448/mac_wrapper.o (MAC_PLC_Status)
../src/config/default/stack/g3/mac/mac_plc/g3_lib_mac_plc.a(MacMib.o)
                              ../src/config/default/stack/g3/mac/mac_plc/g3_lib_mac_plc.a(MacLow.o) (MacMibReset)
../src/config/default/stack/g3/mac/mac_plc/g3_lib_mac_plc.a(MacSublayer.o)
                              build/default/production/_ext/1570337448/mac_wrapper.o (MAC_PLC_DataRequest)
../src/config/default/stack/g3/mac/mac_plc/g3_lib_mac_plc.a(MacConstants.o)
                              ../src/config/default/stack/g3/mac/mac_plc/g3_lib_mac_plc.a(MacSublayer.o) (MacConstantsInitialize)
../src/config/default/stack/g3/adaptation/g3_lib_adp.a(Adp.o)
                              build/default/production/_ext/1171490990/initialization.o (ADP_Initialize)
../src/config/default/stack/g3/adaptation/g3_lib_adp.a(AdpCommon.o)
                              ../src/config/default/stack/g3/adaptation/g3_lib_adp.a(Adp.o) (AdpCommon_DataSendEx)
../src/config/default/stack/g3/adaptation/g3_lib_adp.a(AdpData.o)
                              build/default/production/_ext/710515956/drv_mac_g3adp.o (ADP_DataRequest)
../src/config/default/stack/g3/adaptation/g3_lib_adp.a(AdpDiscovery.o)
                              build/default/production/_ext/1360937237/app_g3_management.o (ADP_DiscoveryRequest)
../src/config/default/stack/g3/adaptation/g3_lib_adp.a(AdpGetSet.o)
                              build/default/production/_ext/1534551086/lbp_dev.o (ADP_GetRequestSync)
../src/config/default/stack/g3/adaptation/g3_lib_adp.a(AdpLbp.o)
                              build/default/production/_ext/1534551086/lbp_dev.o (ADP_LbpRequest)
../src/config/default/stack/g3/adaptation/g3_lib_adp.a(AdpMacInterface.o)
                              ../src/config/default/stack/g3/adaptation/g3_lib_adp.a(Adp.o) (AdpMac_Initialize)
../src/config/default/stack/g3/adaptation/g3_lib_adp.a(AdpNetwork.o)
                              ../src/config/default/stack/g3/adaptation/g3_lib_adp.a(Adp.o) (Network_NetworkJoined)
../src/config/default/stack/g3/adaptation/g3_lib_adp.a(AdpReset.o)
                              build/default/production/_ext/1534551086/lbp_dev.o (ADP_ResetRequest)
../src/config/default/stack/g3/adaptation/g3_lib_adp.a(AdpRouteDiscovery.o)
                              build/default/production/_ext/1360937237/app_g3_management.o (ADP_RouteDiscoveryRequest)
../src/config/default/stack/g3/adaptation/g3_lib_adp.a(Proto6Lowpan.o)
                              ../src/config/default/stack/g3/adaptation/g3_lib_adp.a(AdpLbp.o) (LoWPAN_Encode_CMD_Bootstrap)
../src/config/default/stack/g3/adaptation/g3_lib_adp.a(ProtoRFC6282.o)
                              ../src/config/default/stack/g3/adaptation/g3_lib_adp.a(AdpData.o) (IPv6_IsValid)
../src/config/default/driver/lib/lib-ieee802154_phy_pic32cxbz-v1.2.0.a(phy.o)
                              build/default/production/_ext/957911548/phy_task.o (PHY_TaskHandler)
../src/config/default/driver/lib/lib-ieee802154_phy_pic32cxbz-v1.2.0.a(phy_ed.o)
                              ../src/config/default/driver/lib/lib-ieee802154_phy_pic32cxbz-v1.2.0.a(phy.o) (trx_ed_irq_handler_cb)
../src/config/default/driver/lib/lib-ieee802154_phy_pic32cxbz-v1.2.0.a(phy_helper.o)
                              build/default/production/_ext/1278466877/pal_rf.o (PHY_ConfigTxPwr)
../src/config/default/driver/lib/lib-ieee802154_phy_pic32cxbz-v1.2.0.a(phy_init.o)
                              build/default/production/_ext/1171490990/initialization.o (PHY_Init)
../src/config/default/driver/lib/lib-ieee802154_phy_pic32cxbz-v1.2.0.a(phy_irq_handler.o)
                              ../src/config/default/driver/lib/lib-ieee802154_phy_pic32cxbz-v1.2.0.a(phy_init.o) (trx_irq_init)
../src/config/default/driver/lib/lib-ieee802154_phy_pic32cxbz-v1.2.0.a(phy_pib.o)
                              ../src/config/default/driver/lib/lib-ieee802154_phy_pic32cxbz-v1.2.0.a(phy_helper.o) (tx_pwr_table_mpalpa)
../src/config/default/driver/lib/lib-ieee802154_phy_pic32cxbz-v1.2.0.a(phy_pwr_mgmt.o)
                              build/default/production/_ext/1278466877/pal_rf.o (PHY_TrxSleep)
../src/config/default/driver/lib/lib-ieee802154_phy_pic32cxbz-v1.2.0.a(phy_rx.o)
                              ../src/config/default/driver/lib/lib-ieee802154_phy_pic32cxbz-v1.2.0.a(phy_irq_handler.o) (handle_received_frame_irq)
../src/config/default/driver/lib/lib-ieee802154_phy_pic32cxbz-v1.2.0.a(phy_rx_enable.o)
                              build/default/production/_ext/1278466877/pal_rf.o (PHY_RxEnable)
../src/config/default/driver/lib/lib-ieee802154_phy_pic32cxbz-v1.2.0.a(phy_tx.o)
                              build/default/production/_ext/1278466877/pal_rf.o (PHY_TxFrame)
../src/config/default/driver/lib/lib-ieee802154_phy_pic32cxbz-v1.2.0.a(tfa.o)
[...]
Memory Configuration

Name             Origin             Length             Attributes
boot_rom         0x0000000000000000 0x0000000000005e00 xrl
pds              0x0000000001000000 0x0000000000004000 xr
rom              0x0000000001004000 0x00000000000fc000 xrl
ram              0x0000000020000000 0x0000000000020000 xw !r
bkupram          0x0000000044014000 0x0000000000002000
config_00045F80  0x0000000000045f80 0x0000000000000004
config_00045E80  0x0000000000045e80 0x0000000000000004
config_00045F84  0x0000000000045f84 0x0000000000000004
config_00045F88  0x0000000000045f88 0x0000000000000004
config_00045E8C  0x0000000000045e8c 0x0000000000000004
config_00045E90  0x0000000000045e90 0x0000000000000004
config_00045E98  0x0000000000045e98 0x0000000000000004
config_00045E94  0x0000000000045e94 0x0000000000000004
config_00045F98  0x0000000000045f98 0x0000000000000004
config_00045E84  0x0000000000045e84 0x0000000000000004
config_00045E9C  0x0000000000045e9c 0x0000000000000004
config_00045EB0  0x0000000000045eb0 0x0000000000000004
config_00045F9C  0x0000000000045f9c 0x0000000000000004
config_00045FB0  0x0000000000045fb0 0x0000000000000004
config_00045E88  0x0000000000045e88 0x0000000000000004
config_00045EB4  0x0000000000045eb4 0x0000000000000004
config_00045FB8  0x0000000000045fb8 0x0000000000000004
config_00045FB4  0x0000000000045fb4 0x0000000000000004
config_00045FBC  0x0000000000045fbc 0x0000000000000004
config_00045F8C  0x0000000000045f8c 0x0000000000000004
config_00045EB8  0x0000000000045eb8 0x0000000000000004
config_00045F90  0x0000000000045f90 0x0000000000000004
config_00045EBC  0x0000000000045ebc 0x0000000000000004
config_00045F94  0x0000000000045f94 0x0000000000000004
*default*        0x0000000000000000 0xffffffffffffffff

Linker script and memory map

LOAD c:/program files/microchip/xc32/v4.60/bin/bin/../../lib/gcc/pic32c/8.3.1/thumb/v7e-m+fp/hard/crti.o
LOAD c:/program files/microchip/xc32/v4.60/bin/bin/../../lib/gcc/pic32c/8.3.1/thumb/v7e-m+fp/hard/crtbegin.o
LOAD build/default/production/_ext/1434821282/bsp.o
LOAD build/default/production/_ext/1726652707/MCHP_Crypto_Aead_WolfCryptWrapper.o
LOAD build/default/production/_ext/1726652707/MCHP_Crypto_RNG.o
LOAD build/default/production/_ext/1726652707/MCHP_Crypto_Hash_WolfcryptWrapper.o
LOAD build/default/production/_ext/1726652707/MCHP_Crypto_DigSign.o
LOAD build/default/production/_ext/1726652707/MCHP_Crypto_Kas.o
LOAD build/default/production/_ext/1726652707/MCHP_Crypto_Mac_WolfCryptWrapper.o
LOAD build/default/production/_ext/1726652707/MCHP_Crypto_DigSign_WolfcryptWrapper.o
LOAD build/default/production/_ext/1726652707/MCHP_Crypto_Kas_WolfcryptWrapper.o
LOAD build/default/production/_ext/1726652707/MCHP_Crypto_RNG_WolfcryptWrapper.o
LOAD build/default/production/_ext/1726652707/MCHP_Crypto_Sym_WolfcryptWrapper.o
LOAD build/default/production/_ext/1726652707/MCHP_Crypto_Aead_Cipher.o
LOAD build/default/production/_ext/1726652707/MCHP_Crypto_Hash.o
LOAD build/default/production/_ext/1726652707/MCHP_Crypto_Mac_Cipher.o
LOAD build/default/production/_ext/1726652707/MCHP_Crypto_Sym_Cipher.o
LOAD build/default/production/_ext/745501718/pal.o
LOAD build/default/production/_ext/957911548/phy_tx_frame_done_cb.o
LOAD build/default/production/_ext/957911548/phy_ed_end_cb.o
LOAD build/default/production/_ext/957911548/phy_task.o
LOAD build/default/production/_ext/957911548/phy_rx_frame_cb.o
LOAD build/default/production/_ext/1374435801/bmm.o
LOAD build/default/production/_ext/874725666/qmm.o
LOAD build/default/production/_ext/1014741959/drv_plc_boot.o
LOAD build/default/production/_ext/1014741959/drv_plc_hal.o
LOAD build/default/production/_ext/1089588495/drv_g3_macrt_bin.o
LOAD build/default/production/_ext/410113559/drv_g3_macrt_local_comm.o
LOAD build/default/production/_ext/410113559/drv_g3_macrt.o
LOAD build/default/production/_ext/1033058136/helpers.o
LOAD build/default/production/_ext/1033058136/tcpip_notify.o
LOAD build/default/production/_ext/1033058136/dhcp.o
LOAD build/default/production/_ext/1033058136/ndp.o
LOAD build/default/production/_ext/1033058136/udp.o
LOAD build/default/production/_ext/1033058136/tcpip_packet.o
LOAD build/default/production/_ext/1033058136/ipv6.o
LOAD build/default/production/_ext/1033058136/icmpv6.o
LOAD build/default/production/_ext/1033058136/dns.o
LOAD build/default/production/_ext/1033058136/tcpip_manager.o
LOAD build/default/production/_ext/1033058136/oahash.o
LOAD build/default/production/_ext/1033058136/tcpip_helpers.o
LOAD build/default/production/_ext/1033058136/tcpip_heap_alloc.o
LOAD build/default/production/_ext/1033058136/tcpip_heap_internal.o
LOAD build/default/production/_ext/1033058136/hash_fnv.o
LOAD build/default/production/_ext/1529399856/osal_freertos.o
LOAD build/default/production/_ext/1529399856/osal_freertos_extend.o
LOAD build/default/production/_ext/60165520/plib_clk.o
LOAD build/default/production/_ext/1865131932/plib_cmcc.o
LOAD build/default/production/_ext/1865161661/plib_dmac.o
LOAD build/default/production/_ext/60167341/plib_eic.o
LOAD build/default/production/_ext/1986646378/plib_evsys.o
LOAD build/default/production/_ext/1865254177/plib_gpio.o
LOAD build/default/production/_ext/1865468468/plib_nvic.o
LOAD build/default/production/_ext/60176403/plib_nvm.o
LOAD build/default/production/_ext/17022449/plib_sercom2_spi_master.o
LOAD build/default/production/_ext/504274921/plib_sercom1_usart.o
LOAD build/default/production/_ext/829342655/plib_tc0.o
LOAD build/default/production/_ext/1865643529/plib_trng.o
LOAD build/default/production/_ext/60184501/plib_wdt.o
LOAD build/default/production/_ext/2064362748/srv_pcoup.o
LOAD build/default/production/_ext/1036423743/srv_pcrc.o
LOAD build/default/production/_ext/2065812886/srv_queue.o
LOAD build/default/production/_ext/373899042/srv_random.o
LOAD build/default/production/_ext/2135967589/cipher_wrapper.o
LOAD build/default/production/_ext/2135967589/aes_wrapper.o
LOAD build/default/production/_ext/1534551086/lbp_encode_decode.o
LOAD build/default/production/_ext/1534551086/lbp_dev.o
LOAD build/default/production/_ext/1534551086/routing_wrapper.o
LOAD build/default/production/_ext/1534551086/eap_psk.o
LOAD build/default/production/_ext/1632721610/mac_common.o
LOAD build/default/production/_ext/1570337448/mac_wrapper.o
LOAD build/default/production/_ext/710515956/drv_mac_g3adp.o
LOAD build/default/production/_ext/977769160/pal_plc.o
LOAD build/default/production/_ext/1278466877/pal_rf.o
LOAD build/default/production/_ext/163028504/xc32_monitor.o
LOAD build/default/production/_ext/1014039709/sys_cache.o
LOAD build/default/production/_ext/1832805299/sys_console_uart.o
LOAD build/default/production/_ext/1832805299/sys_console.o
LOAD build/default/production/_ext/944882569/sys_debug.o
LOAD build/default/production/_ext/14461671/sys_dma.o
LOAD build/default/production/_ext/1881668453/sys_int.o
LOAD build/default/production/_ext/101884895/sys_time.o
LOAD build/default/production/_ext/753841488/sys_time_h2_adapter.o
LOAD build/default/production/_ext/1171490990/tasks.o
LOAD build/default/production/_ext/1171490990/interrupts.o
LOAD build/default/production/_ext/1171490990/exceptions.o
LOAD build/default/production/_ext/1171490990/initialization.o
LOAD build/default/production/_ext/1171490990/libc_syscalls.o
LOAD build/default/production/_ext/1171490990/startup_xc32.o
LOAD build/default/production/_ext/1171490990/freertos_hooks.o
LOAD build/default/production/_ext/246609638/port.o
LOAD build/default/production/_ext/1665200909/heap_4.o
LOAD build/default/production/_ext/404212886/list.o
LOAD build/default/production/_ext/404212886/stream_buffer.o
LOAD build/default/production/_ext/404212886/croutine.o
LOAD build/default/production/_ext/404212886/event_groups.o
LOAD build/default/production/_ext/404212886/timers.o
LOAD build/default/production/_ext/404212886/FreeRTOS_tasks.o
LOAD build/default/production/_ext/404212886/queue.o
LOAD build/default/production/_ext/193597431/pic32mz-crypt.o
LOAD build/default/production/_ext/1716827871/hpke.o
LOAD build/default/production/_ext/1716827871/cmac.o
LOAD build/default/production/_ext/1716827871/ext_xmss.o
LOAD build/default/production/_ext/1716827871/fe_operations.o
LOAD build/default/production/_ext/1716827871/wc_lms.o
LOAD build/default/production/_ext/1716827871/rc2.o
LOAD build/default/production/_ext/1716827871/coding.o
LOAD build/default/production/_ext/1716827871/sha256.o
LOAD build/default/production/_ext/1716827871/sp_sm2_c64.o
LOAD build/default/production/_ext/1716827871/ge_operations.o
LOAD build/default/production/_ext/1716827871/fe_448.o
LOAD build/default/production/_ext/1716827871/logging.o
LOAD build/default/production/_ext/1716827871/ecc_fp.o
LOAD build/default/production/_ext/1716827871/fe_low_mem.o
LOAD build/default/production/_ext/1716827871/blake2b.o
LOAD build/default/production/_ext/1716827871/sm2.o
LOAD build/default/production/_ext/1716827871/blake2s.o
LOAD build/default/production/_ext/1716827871/wc_xmss_impl.o
LOAD build/default/production/_ext/1716827871/camellia.o
LOAD build/default/production/_ext/1716827871/wolfevent.o
LOAD build/default/production/_ext/1716827871/chacha20_poly1305.o
LOAD build/default/production/_ext/1716827871/integer.o
LOAD build/default/production/_ext/1716827871/wc_kyber_poly.o
LOAD build/default/production/_ext/1716827871/sha3.o
LOAD build/default/production/_ext/1716827871/random.o
LOAD build/default/production/_ext/1716827871/ext_kyber.o
LOAD build/default/production/_ext/1716827871/ed448.o
LOAD build/default/production/_ext/1716827871/eccsi.o
LOAD build/default/production/_ext/1716827871/signature.o
LOAD build/default/production/_ext/1716827871/memory.o
LOAD build/default/production/_ext/1716827871/chacha.o
LOAD build/default/production/_ext/1716827871/sp_arm32.o
LOAD build/default/production/_ext/1716827871/sp_sm2_armthumb.o
LOAD build/default/production/_ext/1716827871/sp_int.o
LOAD build/default/production/_ext/1716827871/dsa.o
LOAD build/default/production/_ext/1716827871/sp_cortexm.o
LOAD build/default/production/_ext/1716827871/cryptocb.o
LOAD build/default/production/_ext/1716827871/sp_armthumb.o
LOAD build/default/production/_ext/1716827871/aes.o
LOAD build/default/production/_ext/1716827871/cpuid.o
LOAD build/default/production/_ext/1716827871/sha512.o
LOAD build/default/production/_ext/1716827871/srp.o
LOAD build/default/production/_ext/1716827871/dh.o
LOAD build/default/production/_ext/1716827871/sp_sm2_arm64.o
LOAD build/default/production/_ext/1716827871/sp_x86_64.o
LOAD build/default/production/_ext/1716827871/tfm.o
LOAD build/default/production/_ext/1716827871/sp_c32.o
LOAD build/default/production/_ext/1716827871/wc_xmss.o
LOAD build/default/production/_ext/1716827871/sakke.o
LOAD build/default/production/_ext/1716827871/sha.o
LOAD build/default/production/_ext/1716827871/hmac.o
LOAD build/default/production/_ext/1716827871/sp_sm2_arm32.o
LOAD build/default/production/_ext/1716827871/wc_pkcs11.o
LOAD build/default/production/_ext/1716827871/hash.o
LOAD build/default/production/_ext/1716827871/compress.o
LOAD build/default/production/_ext/1716827871/ripemd.o
LOAD build/default/production/_ext/1716827871/des3.o
LOAD build/default/production/_ext/1716827871/sp_sm2_x86_64.o
LOAD build/default/production/_ext/1716827871/poly1305.o
LOAD build/default/production/_ext/1716827871/pkcs12.o
LOAD build/default/production/_ext/1716827871/pkcs7.o
LOAD build/default/production/_ext/1716827871/pwdbased.o
LOAD build/default/production/_ext/1716827871/ed25519.o
LOAD build/default/production/_ext/1716827871/sp_arm64.o
LOAD build/default/production/_ext/1716827871/sp_c64.o
LOAD build/default/production/_ext/1716827871/wc_kyber.o
LOAD build/default/production/_ext/1716827871/error.o
LOAD build/default/production/_ext/1716827871/asm.o
LOAD build/default/production/_ext/1716827871/sm3.o
LOAD build/default/production/_ext/1716827871/sphincs.o
LOAD build/default/production/_ext/1716827871/sp_sm2_cortexm.o
LOAD build/default/production/_ext/1716827871/md4.o
LOAD build/default/production/_ext/1716827871/ecc.o
LOAD build/default/production/_ext/1716827871/asn.o
LOAD build/default/production/_ext/1716827871/ge_448.o
LOAD build/default/production/_ext/1716827871/sm4.o
LOAD build/default/production/_ext/1716827871/wc_port.o
LOAD build/default/production/_ext/1716827871/md5.o
LOAD build/default/production/_ext/1716827871/curve448.o
LOAD build/default/production/_ext/1716827871/wolfmath.o
LOAD build/default/production/_ext/1716827871/rsa.o
LOAD build/default/production/_ext/1716827871/falcon.o
LOAD build/default/production/_ext/1716827871/siphash.o
LOAD build/default/production/_ext/1716827871/ext_lms.o
LOAD build/default/production/_ext/1716827871/kdf.o
LOAD build/default/production/_ext/1716827871/arc4.o
LOAD build/default/production/_ext/1716827871/dilithium.o
LOAD build/default/production/_ext/1716827871/wc_encrypt.o
LOAD build/default/production/_ext/1716827871/curve25519.o
LOAD build/default/production/_ext/1716827871/md2.o
LOAD build/default/production/_ext/1716827871/wc_dsp.o
LOAD build/default/production/_ext/1716827871/sp_sm2_c32.o
LOAD build/default/production/_ext/1716827871/sp_dsp32.o
LOAD build/default/production/_ext/1716827871/ge_low_mem.o
LOAD build/default/production/_ext/1716827871/wc_lms_impl.o
LOAD build/default/production/_ext/1664057780/misc.o
LOAD build/default/production/_ext/1664057780/evp.o
LOAD build/default/production/_ext/1360937237/app_storage_wbz451h.o
LOAD build/default/production/_ext/1360937237/app.o
LOAD build/default/production/_ext/1360937237/app_user_edits.o
LOAD build/default/production/_ext/1360937237/app_idle_task.o
LOAD build/default/production/_ext/1360937237/app_udp_responder.o
LOAD build/default/production/_ext/1360937237/app_tcpip_management.o
LOAD build/default/production/_ext/1360937237/app_g3_management.o
LOAD build/default/production/_ext/1360937237/main.o
LOAD build/default/production/_ext/1360937237/app_matrix_led.o
LOAD ../src/config/default/stack/g3/mac/mac_plc/g3_lib_mac_plc.a
LOAD ../src/config/default/stack/g3/adaptation/g3_lib_adp.a
LOAD ../src/config/default/driver/lib/lib-ieee802154_phy_pic32cxbz-v1.2.0.a
LOAD ../src/config/default/stack/g3/adaptation/g3_lib_loadng.a
LOAD ../src/config/default/stack/g3/mac/mac_rf/g3_lib_mac_rf.a
LOAD ../src/config/default/driver/pds/pds.a
LOAD ../src/config/default/driver/device_support/pic32cx_bz2_device_support.a
                0x0000000000000001                __MPLAB_BUILD = 0x1

.bkupram_data
 *(.bkupram_data .bkupram_data.*)

.bkupram_bss
 *(.bkupram_bss .bkupram_bss.*)
 *(.pbss .pbss.*)
                0x0000000001100000                __rom_end = (ORIGIN (rom) + LENGTH (rom))
                0x0000000020020000                __ram_end = (ORIGIN (ram) + LENGTH (ram))

.config_00045F80
 *(.config_00045F80)

.config_00045E80
 *(.config_00045E80)

.config_00045F84
 *(.config_00045F84)

.config_00045F88
                0x0000000000045f88        0x4
 *(.config_00045F88)
 .config_00045F88
                0x0000000000045f88        0x4 build/default/production/_ext/1171490990/initialization.o
                0x0000000000045f88                __config_00045F88

.config_00045E8C
 *(.config_00045E8C)

.config_00045E90
 *(.config_00045E90)

.config_00045E98
 *(.config_00045E98)

.config_00045E94
 *(.config_00045E94)

.config_00045F98
                0x0000000000045f98        0x4
 *(.config_00045F98)
 .config_00045F98
                0x0000000000045f98        0x4 build/default/production/_ext/1171490990/initialization.o
                0x0000000000045f98                __config_00045F98

.config_00045E84
 *(.config_00045E84)

.config_00045E9C
 *(.config_00045E9C)

.config_00045EB0
 *(.config_00045EB0)

.config_00045F9C
                0x0000000000045f9c        0x4
 *(.config_00045F9C)
 .config_00045F9C
                0x0000000000045f9c        0x4 build/default/production/_ext/1171490990/initialization.o
                0x0000000000045f9c                __config_00045F9C

.config_00045FB0
 *(.config_00045FB0)

.config_00045E88
 *(.config_00045E88)

.config_00045EB4
 *(.config_00045EB4)

.config_00045FB8
 *(.config_00045FB8)

.config_00045FB4
 *(.config_00045FB4)

.config_00045FBC
                0x0000000000045fbc        0x4
 *(.config_00045FBC)
 .config_00045FBC
                0x0000000000045fbc        0x4 build/default/production/_ext/1171490990/initialization.o
                0x0000000000045fbc                __config_00045FBC

.config_00045F8C
                0x0000000000045f8c        0x4
 *(.config_00045F8C)
 .config_00045F8C
                0x0000000000045f8c        0x4 build/default/production/_ext/1171490990/initialization.o
                0x0000000000045f8c                __config_00045F8C

.config_00045EB8
 *(.config_00045EB8)

.config_00045F90
                0x0000000000045f90        0x4
 *(.config_00045F90)
 .config_00045F90
                0x0000000000045f90        0x4 build/default/production/_ext/1171490990/initialization.o
                0x0000000000045f90                __config_00045F90

.config_00045EBC
 *(.config_00045EBC)

.config_00045F94
                0x0000000000045f94        0x4
 *(.config_00045F94)
 .config_00045F94
                0x0000000000045f94        0x4 build/default/production/_ext/1171490990/initialization.o
                0x0000000000045f94                __config_00045F94

.vectors        0x0000000000000000       0xe0
                0x0000000000000000                . = ALIGN (0x4)
                0x0000000000000000                _sfixed = .
 *(.vectors .vectors.* .vectors_default .vectors_default.*)
 .vectors       0x0000000000000000       0xe0 build/default/production/_ext/1171490990/interrupts.o
                0x0000000000000000                exception_table
 *(.isr_vector)
 *(.reset*)
 *(.after_vectors)

.dnvMem         0x0000000001000000        0x0
                0x0000000001000000                __d_nv_mem_start = .
                0x0000000001004000                __d_nv_mem_end = (ORIGIN (pds) + LENGTH (pds))

.text           0x0000000001004000       0x30
                0x0000000001004000                PROVIDE (__pds_ff_start = .)
 *(.pds_ff .pds_ff.*)
 .pds_ff        0x0000000001004000       0x10 build/default/production/_ext/1360937237/app_storage_wbz451h.o
                0x0000000001004000                pds_ff_APP_STORAGE_PDS_ITEM_1
                [!provide]                        PROVIDE (__pds_ff_end = .)
                0x0000000001004010                PROVIDE (__pds_fd_start = .)
 *(.pds_fd .pds_fd.*)
                [!provide]                        PROVIDE (__pds_fd_end = .)
                0x0000000001004010                . = ALIGN (0x4)
 *(.glue_7t)
 .glue_7t       0x0000000001004010        0x0 linker stubs
 *(.glue_7)
 .glue_7        0x0000000001004010        0x0 linker stubs
 *(.gnu.linkonce.r.*)
 *(.ARM.extab* .gnu.linkonce.armextab.*)
                0x0000000001004010                . = ALIGN (0x4)
 *(.init)
 .init          0x0000000001004010        0x4 c:/program files/microchip/xc32/v4.60/bin/bin/../../lib/gcc/pic32c/8.3.1/thumb/v7e-m+fp/hard/crti.o
                0x0000000001004010                _init
 .init          0x0000000001004014        0x8 c:/program files/microchip/xc32/v4.60/bin/bin/../../lib/gcc/pic32c/8.3.1/thumb/v7e-m+fp/hard/crtn.o
                0x000000000100401c                . = ALIGN (0x4)
                0x000000000100401c                __preinit_array_start = .
 *(.preinit_array)
                0x000000000100401c                __preinit_array_end = .
                0x000000000100401c                . = ALIGN (0x4)
                0x000000000100401c                __init_array_start = .
 *(SORT_BY_NAME(.init_array.*))
 *(.init_array)
 .init_array    0x000000000100401c        0x4 c:/program files/microchip/xc32/v4.60/bin/bin/../../lib/gcc/pic32c/8.3.1/thumb/v7e-m+fp/hard/crtbegin.o
                0x0000000001004020                __init_array_end = .
                0x0000000001004020                . = ALIGN (0x4)
 *crtbegin.o(.ctors)
 *(EXCLUDE_FILE(*crtend.o) .ctors)
 *(SORT_BY_NAME(.ctors.*))
 *crtend.o(.ctors)
                0x0000000001004020                . = ALIGN (0x4)
 *(.fini)
 .fini          0x0000000001004020        0x4 c:/program files/microchip/xc32/v4.60/bin/bin/../../lib/gcc/pic32c/8.3.1/thumb/v7e-m+fp/hard/crti.o
                0x0000000001004020                _fini
 .fini          0x0000000001004024        0x8 c:/program files/microchip/xc32/v4.60/bin/bin/../../lib/gcc/pic32c/8.3.1/thumb/v7e-m+fp/hard/crtn.o
                0x000000000100402c                . = ALIGN (0x4)
                0x000000000100402c                __fini_array_start = .
 *(.fini_array)
 .fini_array    0x000000000100402c        0x4 c:/program files/microchip/xc32/v4.60/bin/bin/../../lib/gcc/pic32c/8.3.1/thumb/v7e-m+fp/hard/crtbegin.o
 *(SORT_BY_NAME(.fini_array.*))
                0x0000000001004030                __fini_array_end = .
 *crtbegin.o(.dtors)
 *(EXCLUDE_FILE(*crtend.o) .dtors)
 *(SORT_BY_NAME(.dtors.*))
 *crtend.o(.dtors)
                0x0000000001004030                . = ALIGN (0x4)
                0x0000000001004030                _efixed = .
                [!provide]                        PROVIDE (__exidx_start = .)

.ARM.exidx      0x0000000001004030        0x8
 *(.ARM.exidx* .gnu.linkonce.armexidx.*)
 .ARM.exidx     0x0000000001004030        0x8 c:/program files/microchip/xc32/v4.60/bin/bin/../../lib/gcc/pic32c/8.3.1/thumb/v7e-m+fp/hard\libgcc.a(_udivmoddi4.o)
                [!provide]                        PROVIDE (__exidx_end = .)
                0x0000000001004038                . = ALIGN (0x4)
                0x0000000001004038                _etext = .

.bss            0x0000000020000000     0x1968
                0x0000000020000000                . = ALIGN (0x4)
                0x0000000020000000                __bss_start__ = .
                0x0000000020000000                _sbss = .
                0x0000000020000000                _szero = .
 *(COMMON)
 COMMON         0x0000000020000000       0x34 build/default/production/_ext/1632721610/mac_common.o
                0x0000000020000000                macMibCommon
 COMMON         0x0000000020000034        0x4 build/default/production/_ext/944882569/sys_debug.o
                0x0000000020000034                gblErrLvl
 COMMON         0x0000000020000038       0x14 build/default/production/_ext/1171490990/tasks.o
                0x0000000020000038                xAPP_TCPIP_MANAGEMENT_Tasks
                0x000000002000003c                xPHY_Tasks
                0x0000000020000040                xAPP_UDP_RESPONDER_Tasks
                0x0000000020000044                xAPP_STORAGE_WBZ451H_Tasks
                0x0000000020000048                xAPP_G3_MANAGEMENT_Tasks
 COMMON         0x000000002000004c       0x64 build/default/production/_ext/1171490990/initialization.o
                0x000000002000004c                semPhyInternalHandler
                0x0000000020000050                sysObj
                0x000000002000006c                osalAPIList
 COMMON         0x00000000200000b0       0x1c build/default/production/_ext/1360937237/app_storage_wbz451h.o
                0x00000000200000b0                app_storage_wbz451hData
                0x00000000200000c8                appStorageSemaphoreID
 COMMON         0x00000000200000cc        0x8 build/default/production/_ext/1360937237/app_udp_responder.o
                0x00000000200000cc                app_udp_responderData
 COMMON         0x00000000200000d4       0x3c build/default/production/_ext/1360937237/app_tcpip_management.o
                0x00000000200000d4                app_tcpip_managementData
 COMMON         0x0000000020000110       0x2c build/default/production/_ext/1360937237/app_g3_management.o
                0x0000000020000110                app_g3_managementData
 COMMON         0x000000002000013c     0x181c build/default/production/_ext/1360937237/app_matrix_led.o
                0x000000002000013c                matrix
                0x000000002000193c                app_matrix_ledData
 COMMON         0x0000000020001958        0x1 ../src/config/default/driver/device_support/pic32cx_bz2_device_support.a(info_block.o)
                0x0000000020001958                g_ib_RssiOffset
 *fill*         0x0000000020001959        0x3 
 COMMON         0x000000002000195c        0xc ../src/config/default/driver/device_support/pic32cx_bz2_device_support.a(rf_system.o)
                0x000000002000195c                g_hpaEnable
                0x000000002000195d                g_validFactoryCalTemp
                0x000000002000195e                g_lastTemperatureDegreeC
                0x0000000020001960                g_vrefComp
                0x0000000020001964                g_nextCalTime
                0x0000000020001968                . = ALIGN (0x4)
                0x0000000020001968                __bss_end__ = .
                0x0000000020001968                _ebss = .
                0x0000000020001968                _ezero = .
                0x0000000020001968                . = ALIGN (0x4)
                0x0000000020001968                _end = .
                0x000000002001ffff                _ram_end_ = ((ORIGIN (ram) + LENGTH (ram)) - 0x1)
                0x0000000000003c00                _min_heap_size = 0x3c00
START GROUP
LOAD c:/program files/microchip/xc32/v4.60/bin/bin/../../lib/gcc/pic32c/8.3.1/../../../../pic32c/lib/thumb/v7e-m+fp/hard\libpic32c.a
LOAD c:/program files/microchip/xc32/v4.60/bin/bin/../../lib/gcc/pic32c/8.3.1/../../../../pic32c/lib/thumb/v7e-m+fp/hard\libc-size-musl.a
LOAD c:/program files/microchip/xc32/v4.60/bin/bin/../../lib/gcc/pic32c/8.3.1/../../../../pic32c/lib/thumb/v7e-m+fp/hard\liblmalloc-musl.a
LOAD c:/program files/microchip/xc32/v4.60/bin/bin/../../lib/gcc/pic32c/8.3.1/../../../../pic32c/lib/thumb/v7e-m+fp/hard\libm-fast-emfloat.a
LOAD c:/program files/microchip/xc32/v4.60/bin/bin/../../lib/gcc/pic32c/8.3.1/../../../../pic32c/lib/thumb/v7e-m+fp/hard\libm-musl.a
LOAD c:/program files/microchip/xc32/v4.60/bin/bin/../../lib/gcc/pic32c/8.3.1/../../../../pic32c/lib/thumb/v7e-m+fp/hard\libc-musl.a
LOAD c:/program files/microchip/xc32/v4.60/bin/bin/../../lib/gcc/pic32c/8.3.1/../../../../pic32c/lib/thumb/v7e-m+fp/hard\libm-fast-emfloat.a
LOAD c:/program files/microchip/xc32/v4.60/bin/bin/../../lib/gcc/pic32c/8.3.1/../../../../pic32c/lib/thumb/v7e-m+fp/hard\libm-musl.a
LOAD c:/program files/microchip/xc32/v4.60/bin/bin/../../lib/gcc/pic32c/8.3.1/thumb/v7e-m+fp/hard\libgcc.a
END GROUP
LOAD c:/program files/microchip/xc32/v4.60/bin/bin/../../lib/gcc/pic32c/8.3.1/thumb/v7e-m+fp/hard/crtend.o
LOAD c:/program files/microchip/xc32/v4.60/bin/bin/../../lib/gcc/pic32c/8.3.1/thumb/v7e-m+fp/hard/crtn.o
OUTPUT(dist/default/production/g3_device_udp_wbz451h_pl460.X.production.elf elf32-littlearm)
LOAD data_init
LOAD stack

.ARM.attributes
                0x0000000000000000       0x32
 .ARM.attributes
                0x0000000000000000       0x1e c:/program files/microchip/xc32/v4.60/bin/bin/../../lib/gcc/pic32c/8.3.1/thumb/v7e-m+fp/hard/crti.o
 .ARM.attributes
                0x000000000000001e       0x34 c:/program files/microchip/xc32/v4.60/bin/bin/../../lib/gcc/pic32c/8.3.1/thumb/v7e-m+fp/hard/crtbegin.o
 .ARM.attributes
                0x0000000000000052       0x34 build/default/production/_ext/1434821282/bsp.o
 .ARM.attributes
                0x0000000000000086       0x34 build/default/production/_ext/1726652707/MCHP_Crypto_Aead_WolfCryptWrapper.o
 .ARM.attributes
                0x00000000000000ba       0x34 build/default/production/_ext/1726652707/MCHP_Crypto_Mac_WolfCryptWrapper.o
 .ARM.attributes
                0x00000000000000ee       0x34 build/default/production/_ext/1726652707/MCHP_Crypto_Sym_WolfcryptWrapper.o
 .ARM.attributes
                0x0000000000000122       0x34 build/default/production/_ext/1726652707/MCHP_Crypto_Aead_Cipher.o
 .ARM.attributes
                0x0000000000000156       0x34 build/default/production/_ext/1726652707/MCHP_Crypto_Mac_Cipher.o
 .ARM.attributes
                0x000000000000018a       0x34 build/default/production/_ext/1726652707/MCHP_Crypto_Sym_Cipher.o
 .ARM.attributes
                0x00000000000001be       0x34 build/default/production/_ext/745501718/pal.o
 .ARM.attributes
                0x00000000000001f2       0x34 build/default/production/_ext/957911548/phy_ed_end_cb.o
 .ARM.attributes
                0x0000000000000226       0x34 build/default/production/_ext/957911548/phy_task.o
 .ARM.attributes
                0x000000000000025a       0x34 build/default/production/_ext/957911548/phy_rx_frame_cb.o
 .ARM.attributes
                0x000000000000028e       0x34 build/default/production/_ext/1374435801/bmm.o
 .ARM.attributes
                0x00000000000002c2       0x34 build/default/production/_ext/874725666/qmm.o
 .ARM.attributes
                0x00000000000002f6       0x34 build/default/production/_ext/1014741959/drv_plc_boot.o
 .ARM.attributes
                0x000000000000032a       0x34 build/default/production/_ext/1014741959/drv_plc_hal.o
 .ARM.attributes
                0x000000000000035e       0x20 build/default/production/_ext/1089588495/drv_g3_macrt_bin.o
 .ARM.attributes
                0x000000000000037e       0x34 build/default/production/_ext/410113559/drv_g3_macrt_local_comm.o
 .ARM.attributes
                0x00000000000003b2       0x34 build/default/production/_ext/410113559/drv_g3_macrt.o
 .ARM.attributes
                0x00000000000003e6       0x34 build/default/production/_ext/1033058136/helpers.o
 .ARM.attributes
                0x000000000000041a       0x34 build/default/production/_ext/1033058136/tcpip_notify.o
 .ARM.attributes
                0x000000000000044e       0x34 build/default/production/_ext/1033058136/ndp.o
 .ARM.attributes
                0x0000000000000482       0x34 build/default/production/_ext/1033058136/udp.o
 .ARM.attributes
                0x00000000000004b6       0x34 build/default/production/_ext/1033058136/tcpip_packet.o
 .ARM.attributes
                0x00000000000004ea       0x34 build/default/production/_ext/1033058136/ipv6.o
 .ARM.attributes
                0x000000000000051e       0x34 build/default/production/_ext/1033058136/icmpv6.o
 .ARM.attributes
                0x0000000000000552       0x34 build/default/production/_ext/1033058136/tcpip_manager.o
 .ARM.attributes
                0x0000000000000586       0x34 build/default/production/_ext/1033058136/tcpip_helpers.o
 .ARM.attributes
                0x00000000000005ba       0x34 build/default/production/_ext/1033058136/tcpip_heap_alloc.o
 .ARM.attributes
                0x00000000000005ee       0x34 build/default/production/_ext/1033058136/tcpip_heap_internal.o
 .ARM.attributes
                0x0000000000000622       0x34 build/default/production/_ext/1529399856/osal_freertos.o
 .ARM.attributes
                0x0000000000000656       0x34 build/default/production/_ext/1529399856/osal_freertos_extend.o
 .ARM.attributes
                0x000000000000068a       0x34 build/default/production/_ext/60165520/plib_clk.o
 .ARM.attributes
                0x00000000000006be       0x34 build/default/production/_ext/1865161661/plib_dmac.o
 .ARM.attributes
                0x00000000000006f2       0x34 build/default/production/_ext/60167341/plib_eic.o
 .ARM.attributes
                0x0000000000000726       0x34 build/default/production/_ext/1986646378/plib_evsys.o
 .ARM.attributes
                0x000000000000075a       0x34 build/default/production/_ext/1865254177/plib_gpio.o
 .ARM.attributes
                0x000000000000078e       0x34 build/default/production/_ext/1865468468/plib_nvic.o
 .ARM.attributes
                0x00000000000007c2       0x34 build/default/production/_ext/60176403/plib_nvm.o
 .ARM.attributes
                0x00000000000007f6       0x34 build/default/production/_ext/17022449/plib_sercom2_spi_master.o
 .ARM.attributes
                0x000000000000082a       0x34 build/default/production/_ext/504274921/plib_sercom1_usart.o
 .ARM.attributes
                0x000000000000085e       0x34 build/default/production/_ext/829342655/plib_tc0.o
 .ARM.attributes
                0x0000000000000892       0x34 build/default/production/_ext/1865643529/plib_trng.o
 .ARM.attributes
                0x00000000000008c6       0x34 build/default/production/_ext/60184501/plib_wdt.o
 .ARM.attributes
                0x00000000000008fa       0x34 build/default/production/_ext/2064362748/srv_pcoup.o
 .ARM.attributes
                0x000000000000092e       0x34 build/default/production/_ext/2065812886/srv_queue.o
 .ARM.attributes
                0x0000000000000962       0x34 build/default/production/_ext/373899042/srv_random.o
 .ARM.attributes
                0x0000000000000996       0x34 build/default/production/_ext/2135967589/cipher_wrapper.o
 .ARM.attributes
                0x00000000000009ca       0x34 build/default/production/_ext/2135967589/aes_wrapper.o
 .ARM.attributes
                0x00000000000009fe       0x34 build/default/production/_ext/1534551086/lbp_encode_decode.o
 .ARM.attributes
                0x0000000000000a32       0x34 build/default/production/_ext/1534551086/lbp_dev.o
 .ARM.attributes
                0x0000000000000a66       0x34 build/default/production/_ext/1534551086/routing_wrapper.o
 .ARM.attributes
                0x0000000000000a9a       0x34 build/default/production/_ext/1534551086/eap_psk.o
 .ARM.attributes
                0x0000000000000ace       0x34 build/default/production/_ext/1632721610/mac_common.o
 .ARM.attributes
                0x0000000000000b02       0x34 build/default/production/_ext/1570337448/mac_wrapper.o
 .ARM.attributes
                0x0000000000000b36       0x34 build/default/production/_ext/710515956/drv_mac_g3adp.o
 .ARM.attributes
                0x0000000000000b6a       0x34 build/default/production/_ext/977769160/pal_plc.o
 .ARM.attributes
                0x0000000000000b9e       0x34 build/default/production/_ext/1278466877/pal_rf.o
 .ARM.attributes
                0x0000000000000bd2       0x34 build/default/production/_ext/1832805299/sys_console_uart.o
 .ARM.attributes
                0x0000000000000c06       0x34 build/default/production/_ext/1832805299/sys_console.o
 .ARM.attributes
                0x0000000000000c3a       0x34 build/default/production/_ext/944882569/sys_debug.o
 .ARM.attributes
                0x0000000000000c6e       0x34 build/default/production/_ext/14461671/sys_dma.o
 .ARM.attributes
                0x0000000000000ca2       0x34 build/default/production/_ext/1881668453/sys_int.o
 .ARM.attributes
                0x0000000000000cd6       0x34 build/default/production/_ext/101884895/sys_time.o
 .ARM.attributes
                0x0000000000000d0a       0x34 build/default/production/_ext/753841488/sys_time_h2_adapter.o
 .ARM.attributes
                0x0000000000000d3e       0x34 build/default/production/_ext/1171490990/tasks.o
 .ARM.attributes
                0x0000000000000d72       0x34 build/default/production/_ext/1171490990/interrupts.o
 .ARM.attributes
                0x0000000000000da6       0x34 build/default/production/_ext/1171490990/exceptions.o
 .ARM.attributes
                0x0000000000000dda       0x34 build/default/production/_ext/1171490990/initialization.o
 .ARM.attributes
                0x0000000000000e0e       0x34 build/default/production/_ext/1171490990/startup_xc32.o
 .ARM.attributes
                0x0000000000000e42       0x34 build/default/production/_ext/1171490990/freertos_hooks.o
 .ARM.attributes
                0x0000000000000e76       0x34 build/default/production/_ext/246609638/port.o
 .ARM.attributes
                0x0000000000000eaa       0x34 build/default/production/_ext/1665200909/heap_4.o
 .ARM.attributes
                0x0000000000000ede       0x34 build/default/production/_ext/404212886/list.o
 .ARM.attributes
                0x0000000000000f12       0x34 build/default/production/_ext/404212886/FreeRTOS_tasks.o
 .ARM.attributes
                0x0000000000000f46       0x34 build/default/production/_ext/404212886/queue.o
 .ARM.attributes
                0x0000000000000f7a       0x34 build/default/production/_ext/1716827871/cmac.o
 .ARM.attributes
                0x0000000000000fae       0x34 build/default/production/_ext/1716827871/sha256.o
 .ARM.attributes
                0x0000000000000fe2       0x34 build/default/production/_ext/1716827871/random.o
 .ARM.attributes
                0x0000000000001016       0x34 build/default/production/_ext/1716827871/aes.o
 .ARM.attributes
                0x000000000000104a       0x34 build/default/production/_ext/1664057780/misc.o
 .ARM.attributes
                0x000000000000107e       0x34 build/default/production/_ext/1360937237/app_storage_wbz451h.o
 .ARM.attributes
                0x00000000000010b2       0x34 build/default/production/_ext/1360937237/app_idle_task.o
 .ARM.attributes
                0x00000000000010e6       0x34 build/default/production/_ext/1360937237/app_udp_responder.o
 .ARM.attributes
                0x000000000000111a       0x34 build/default/production/_ext/1360937237/app_tcpip_management.o
 .ARM.attributes
                0x000000000000114e       0x34 build/default/production/_ext/1360937237/app_g3_management.o
 .ARM.attributes
                0x0000000000001182       0x34 build/default/production/_ext/1360937237/main.o
 .ARM.attributes
                0x00000000000011b6       0x34 build/default/production/_ext/1360937237/app_matrix_led.o
 .ARM.attributes
                0x00000000000011ea       0x34 ../src/config/default/stack/g3/mac/mac_plc/g3_lib_mac_plc.a(MacLow.o)
 .ARM.attributes
                0x000000000000121e       0x34 ../src/config/default/stack/g3/mac/mac_plc/g3_lib_mac_plc.a(MacMib.o)
 .ARM.attributes
                0x0000000000001252       0x34 ../src/config/default/stack/g3/mac/mac_plc/g3_lib_mac_plc.a(MacSublayer.o)
 .ARM.attributes
                0x0000000000001286       0x34 ../src/config/default/stack/g3/mac/mac_plc/g3_lib_mac_plc.a(MacConstants.o)
 .ARM.attributes
                0x00000000000012ba       0x34 ../src/config/default/stack/g3/adaptation/g3_lib_adp.a(Adp.o)
 .ARM.attributes
                0x00000000000012ee       0x34 ../src/config/default/stack/g3/adaptation/g3_lib_adp.a(AdpCommon.o)
 .ARM.attributes
                0x0000000000001322       0x34 ../src/config/default/stack/g3/adaptation/g3_lib_adp.a(AdpData.o)
 .ARM.attributes
                0x0000000000001356       0x34 ../src/config/default/stack/g3/adaptation/g3_lib_adp.a(AdpDiscovery.o)
 .ARM.attributes
                0x000000000000138a       0x34 ../src/config/default/stack/g3/adaptation/g3_lib_adp.a(AdpGetSet.o)
 .ARM.attributes
                0x00000000000013be       0x34 ../src/config/default/stack/g3/adaptation/g3_lib_adp.a(AdpLbp.o)
 .ARM.attributes
                0x00000000000013f2       0x34 ../src/config/default/stack/g3/adaptation/g3_lib_adp.a(AdpMacInterface.o)
 .ARM.attributes
                0x0000000000001426       0x34 ../src/config/default/stack/g3/adaptation/g3_lib_adp.a(AdpNetwork.o)
 .ARM.attributes
                0x000000000000145a       0x34 ../src/config/default/stack/g3/adaptation/g3_lib_adp.a(AdpReset.o)
 .ARM.attributes
                0x000000000000148e       0x34 ../src/config/default/stack/g3/adaptation/g3_lib_adp.a(AdpRouteDiscovery.o)
 .ARM.attributes
                0x00000000000014c2       0x34 ../src/config/default/stack/g3/adaptation/g3_lib_adp.a(Proto6Lowpan.o)
 .ARM.attributes
                0x00000000000014f6       0x34 ../src/config/default/stack/g3/adaptation/g3_lib_adp.a(ProtoRFC6282.o)
 .ARM.attributes
                0x000000000000152a       0x34 ../src/config/default/driver/lib/lib-ieee802154_phy_pic32cxbz-v1.2.0.a(phy.o)
 .ARM.attributes
                0x000000000000155e       0x34 ../src/config/default/driver/lib/lib-ieee802154_phy_pic32cxbz-v1.2.0.a(phy_ed.o)
 .ARM.attributes
                0x0000000000001592       0x34 ../src/config/default/driver/lib/lib-ieee802154_phy_pic32cxbz-v1.2.0.a(phy_helper.o)
 .ARM.attributes
                0x00000000000015c6       0x34 ../src/config/default/driver/lib/lib-ieee802154_phy_pic32cxbz-v1.2.0.a(phy_init.o)
 .ARM.attributes
                0x00000000000015fa       0x34 ../src/config/default/driver/lib/lib-ieee802154_phy_pic32cxbz-v1.2.0.a(phy_irq_handler.o)
 .ARM.attributes
                0x000000000000162e       0x34 ../src/config/default/driver/lib/lib-ieee802154_phy_pic32cxbz-v1.2.0.a(phy_pib.o)
 .ARM.attributes
                0x0000000000001662       0x34 ../src/config/default/driver/lib/lib-ieee802154_phy_pic32cxbz-v1.2.0.a(phy_pwr_mgmt.o)
 .ARM.attributes
                0x0000000000001696       0x34 ../src/config/default/driver/lib/lib-ieee802154_phy_pic32cxbz-v1.2.0.a(phy_rx.o)
 .ARM.attributes
                0x00000000000016ca       0x34 ../src/config/default/driver/lib/lib-ieee802154_phy_pic32cxbz-v1.2.0.a(phy_rx_enable.o)
 .ARM.attributes
                0x00000000000016fe       0x34 ../src/config/default/driver/lib/lib-ieee802154_phy_pic32cxbz-v1.2.0.a(phy_tx.o)
 .ARM.attributes
                0x0000000000001732       0x34 ../src/config/default/driver/lib/lib-ieee802154_phy_pic32cxbz-v1.2.0.a(tfa.o)
 .ARM.attributes
                0x0000000000001766       0x34 ../src/config/default/driver/lib/lib-ieee802154_phy_pic32cxbz-v1.2.0.a(phy_frame_handling.o)
 .ARM.attributes
                0x000000000000179a       0x34 ../src/config/default/stack/g3/adaptation/g3_lib_loadng.a(ProtoLoadNg.o)
 .ARM.attributes
                0x00000000000017ce       0x34 ../src/config/default/stack/g3/adaptation/g3_lib_loadng.a(ProtoLoadNg_GetSet.o)
 .ARM.attributes
                0x0000000000001802       0x34 ../src/config/default/stack/g3/adaptation/g3_lib_loadng.a(ProtoLoadNg_RouteCost.o)
 .ARM.attributes
                0x0000000000001836       0x34 ../src/config/default/stack/g3/adaptation/g3_lib_loadng.a(ProtoLoadNg_RouteCost_CapacityMetric.o)
 .ARM.attributes
                0x000000000000186a       0x34 ../src/config/default/stack/g3/adaptation/g3_lib_loadng.a(ProtoLoadNg_RouteCost_CompositeMetric.o)
 .ARM.attributes
                0x000000000000189e       0x34 ../src/config/default/stack/g3/adaptation/g3_lib_loadng.a(ProtoLoadNg_RouteCost_HopCount.o)
 .ARM.attributes
                0x00000000000018d2       0x34 ../src/config/default/stack/g3/mac/mac_rf/g3_lib_mac_rf.a(MacRfLow.o)
 .ARM.attributes
                0x0000000000001906       0x34 ../src/config/default/stack/g3/mac/mac_rf/g3_lib_mac_rf.a(MacRfMib.o)
 .ARM.attributes
                0x000000000000193a       0x34 ../src/config/default/stack/g3/mac/mac_rf/g3_lib_mac_rf.a(MacRfSublayer.o)
 .ARM.attributes
                0x000000000000196e       0x34 ../src/config/default/driver/pds/pds.a(wlPdsDataServer.o)
 .ARM.attributes
                0x00000000000019a2       0x34 ../src/config/default/driver/pds/pds.a(wlPdsInit.o)
 .ARM.attributes
                0x00000000000019d6       0x34 ../src/config/default/driver/pds/pds.a(D_Nv.o)
 .ARM.attributes
                0x0000000000001a0a       0x34 ../src/config/default/driver/pds/pds.a(S_Nv-Chimera.o)
 .ARM.attributes
                0x0000000000001a3e       0x34 ../src/config/default/driver/device_support/pic32cx_bz2_device_support.a(info_block.o)
 .ARM.attributes
                0x0000000000001a72       0x34 ../src/config/default/driver/device_support/pic32cx_bz2_device_support.a(rf_system.o)
 .ARM.attributes
                0x0000000000001aa6       0x34 ../src/config/default/driver/device_support/pic32cx_bz2_device_support.a(info_block_plat.o)
 .ARM.attributes
                0x0000000000001ada       0x34 ../src/config/default/driver/device_support/pic32cx_bz2_device_support.a(pmu_dvr.o)
 .ARM.attributes
                0x0000000000001b0e       0x34 ../src/config/default/driver/device_support/pic32cx_bz2_device_support.a(rf.o)
 .ARM.attributes
                0x0000000000001b42       0x34 c:/program files/microchip/xc32/v4.60/bin/bin/../../lib/gcc/pic32c/8.3.1/../../../../pic32c/lib/thumb/v7e-m+fp/hard\libpic32c.a(data_init.o)
 .ARM.attributes
                0x0000000000001b76       0x36 c:/program files/microchip/xc32/v4.60/bin/bin/../../lib/gcc/pic32c/8.3.1/../../../../pic32c/lib/thumb/v7e-m+fp/hard\libc-size-musl.a(memcmp.o)
 .ARM.attributes
                0x0000000000001bac       0x36 c:/program files/microchip/xc32/v4.60/bin/bin/../../lib/gcc/pic32c/8.3.1/../../../../pic32c/lib/thumb/v7e-m+fp/hard\libc-size-musl.a(memcpy.o)
 .ARM.attributes
                0x0000000000001be2       0x36 c:/program files/microchip/xc32/v4.60/bin/bin/../../lib/gcc/pic32c/8.3.1/../../../../pic32c/lib/thumb/v7e-m+fp/hard\libc-size-musl.a(memmove.o)
 .ARM.attributes
                0x0000000000001c18       0x36 c:/program files/microchip/xc32/v4.60/bin/bin/../../lib/gcc/pic32c/8.3.1/../../../../pic32c/lib/thumb/v7e-m+fp/hard\libc-size-musl.a(memset.o)
 .ARM.attributes
                0x0000000000001c4e       0x36 c:/program files/microchip/xc32/v4.60/bin/bin/../../lib/gcc/pic32c/8.3.1/../../../../pic32c/lib/thumb/v7e-m+fp/hard\libc-size-musl.a(strlen.o)
 .ARM.attributes
                0x0000000000001c84       0x36 c:/program files/microchip/xc32/v4.60/bin/bin/../../lib/gcc/pic32c/8.3.1/../../../../pic32c/lib/thumb/v7e-m+fp/hard\libc-size-musl.a(strcmp.o)
 .ARM.attributes
                0x0000000000001cba       0x36 c:/program files/microchip/xc32/v4.60/bin/bin/../../lib/gcc/pic32c/8.3.1/../../../../pic32c/lib/thumb/v7e-m+fp/hard\libc-size-musl.a(strncpy.o)
 .ARM.attributes
                0x0000000000001cf0       0x36 c:/program files/microchip/xc32/v4.60/bin/bin/../../lib/gcc/pic32c/8.3.1/../../../../pic32c/lib/thumb/v7e-m+fp/hard\libc-size-musl.a(strrchr.o)
 .ARM.attributes
                0x0000000000001d26       0x36 c:/program files/microchip/xc32/v4.60/bin/bin/../../lib/gcc/pic32c/8.3.1/../../../../pic32c/lib/thumb/v7e-m+fp/hard\libc-size-musl.a(memrchr.o)
 .ARM.attributes
                0x0000000000001d5c       0x36 c:/program files/microchip/xc32/v4.60/bin/bin/../../lib/gcc/pic32c/8.3.1/../../../../pic32c/lib/thumb/v7e-m+fp/hard\libc-size-musl.a(stpncpy.o)
 .ARM.attributes
                0x0000000000001d92       0x36 c:/program files/microchip/xc32/v4.60/bin/bin/../../lib/gcc/pic32c/8.3.1/../../../../pic32c/lib/thumb/v7e-m+fp/hard\liblmalloc-musl.a(lite_free.o)
 .ARM.attributes
                0x0000000000001dc8       0x36 c:/program files/microchip/xc32/v4.60/bin/bin/../../lib/gcc/pic32c/8.3.1/../../../../pic32c/lib/thumb/v7e-m+fp/hard\liblmalloc-musl.a(lite_malloc.o)
 .ARM.attributes
                0x0000000000001dfe       0x34 c:/program files/microchip/xc32/v4.60/bin/bin/../../lib/gcc/pic32c/8.3.1/../../../../pic32c/lib/thumb/v7e-m+fp/hard\libm-fast-emfloat.a(round.o)
 .ARM.attributes
                0x0000000000001e32       0x34 c:/program files/microchip/xc32/v4.60/bin/bin/../../lib/gcc/pic32c/8.3.1/../../../../pic32c/lib/thumb/v7e-m+fp/hard\libm-fast-emfloat.a(log.o)
 .ARM.attributes
                0x0000000000001e66       0x34 c:/program files/microchip/xc32/v4.60/bin/bin/../../lib/gcc/pic32c/8.3.1/../../../../pic32c/lib/thumb/v7e-m+fp/hard\libm-fast-emfloat.a(pow.o)
 .ARM.attributes
                0x0000000000001e9a       0x34 c:/program files/microchip/xc32/v4.60/bin/bin/../../lib/gcc/pic32c/8.3.1/../../../../pic32c/lib/thumb/v7e-m+fp/hard\libm-fast-emfloat.a(__SEGGER_RTL_float64_Log.o)
 .ARM.attributes
                0x0000000000001ece       0x20 c:/program files/microchip/xc32/v4.60/bin/bin/../../lib/gcc/pic32c/8.3.1/../../../../pic32c/lib/thumb/v7e-m+fp/hard\libm-fast-emfloat.a(__aeabi_dadd.o)
 .ARM.attributes
                0x0000000000001eee       0x20 c:/program files/microchip/xc32/v4.60/bin/bin/../../lib/gcc/pic32c/8.3.1/../../../../pic32c/lib/thumb/v7e-m+fp/hard\libm-fast-emfloat.a(__aeabi_dsub.o)
 .ARM.attributes
                0x0000000000001f0e       0x20 c:/program files/microchip/xc32/v4.60/bin/bin/../../lib/gcc/pic32c/8.3.1/../../../../pic32c/lib/thumb/v7e-m+fp/hard\libm-fast-emfloat.a(__aeabi_dmul.o)
 .ARM.attributes
                0x0000000000001f2e       0x20 c:/program files/microchip/xc32/v4.60/bin/bin/../../lib/gcc/pic32c/8.3.1/../../../../pic32c/lib/thumb/v7e-m+fp/hard\libm-fast-emfloat.a(__aeabi_ddiv.o)
 .ARM.attributes
                0x0000000000001f4e       0x20 c:/program files/microchip/xc32/v4.60/bin/bin/../../lib/gcc/pic32c/8.3.1/../../../../pic32c/lib/thumb/v7e-m+fp/hard\libm-fast-emfloat.a(__aeabi_dcmpeq.o)
 .ARM.attributes
                0x0000000000001f6e       0x20 c:/program files/microchip/xc32/v4.60/bin/bin/../../lib/gcc/pic32c/8.3.1/../../../../pic32c/lib/thumb/v7e-m+fp/hard\libm-fast-emfloat.a(__aeabi_dcmpgt.o)
 .ARM.attributes
                0x0000000000001f8e       0x20 c:/program files/microchip/xc32/v4.60/bin/bin/../../lib/gcc/pic32c/8.3.1/../../../../pic32c/lib/thumb/v7e-m+fp/hard\libm-fast-emfloat.a(__aeabi_dcmplt.o)
 .ARM.attributes
                0x0000000000001fae       0x20 c:/program files/microchip/xc32/v4.60/bin/bin/../../lib/gcc/pic32c/8.3.1/../../../../pic32c/lib/thumb/v7e-m+fp/hard\libm-fast-emfloat.a(__aeabi_d2iz.o)
 .ARM.attributes
                0x0000000000001fce       0x20 c:/program files/microchip/xc32/v4.60/bin/bin/../../lib/gcc/pic32c/8.3.1/../../../../pic32c/lib/thumb/v7e-m+fp/hard\libm-fast-emfloat.a(__aeabi_d2uiz.o)
 .ARM.attributes
                0x0000000000001fee       0x20 c:/program files/microchip/xc32/v4.60/bin/bin/../../lib/gcc/pic32c/8.3.1/../../../../pic32c/lib/thumb/v7e-m+fp/hard\libm-fast-emfloat.a(__aeabi_i2d.o)
 .ARM.attributes
                0x000000000000200e       0x20 c:/program files/microchip/xc32/v4.60/bin/bin/../../lib/gcc/pic32c/8.3.1/../../../../pic32c/lib/thumb/v7e-m+fp/hard\libm-fast-emfloat.a(__aeabi_ui2d.o)
 .ARM.attributes
                0x000000000000202e       0x20 c:/program files/microchip/xc32/v4.60/bin/bin/../../lib/gcc/pic32c/8.3.1/../../../../pic32c/lib/thumb/v7e-m+fp/hard\libm-fast-emfloat.a(__aeabi_f2d.o)
 .ARM.attributes
                0x000000000000204e       0x20 c:/program files/microchip/xc32/v4.60/bin/bin/../../lib/gcc/pic32c/8.3.1/../../../../pic32c/lib/thumb/v7e-m+fp/hard\libm-fast-emfloat.a(__aeabi_d2f.o)
 .ARM.attributes
                0x000000000000206e       0x34 c:/program files/microchip/xc32/v4.60/bin/bin/../../lib/gcc/pic32c/8.3.1/../../../../pic32c/lib/thumb/v7e-m+fp/hard\libm-fast-emfloat.a(__SEGGER_RTL_float64_PolyEvalP.o)
 .ARM.attributes
                0x00000000000020a2       0x34 c:/program files/microchip/xc32/v4.60/bin/bin/../../lib/gcc/pic32c/8.3.1/../../../../pic32c/lib/thumb/v7e-m+fp/hard\libm-fast-emfloat.a(__SEGGER_RTL_float64_PolyEvalQ.o)
 .ARM.attributes
                0x00000000000020d6       0x34 c:/program files/microchip/xc32/v4.60/bin/bin/../../lib/gcc/pic32c/8.3.1/../../../../pic32c/lib/thumb/v7e-m+fp/hard\libm-fast-emfloat.a(ldexp.o)
 .ARM.attributes
                0x000000000000210a       0x34 c:/program files/microchip/xc32/v4.60/bin/bin/../../lib/gcc/pic32c/8.3.1/../../../../pic32c/lib/thumb/v7e-m+fp/hard\libm-fast-emfloat.a(frexp.o)
 .ARM.attributes
                0x000000000000213e       0x34 c:/program files/microchip/xc32/v4.60/bin/bin/../../lib/gcc/pic32c/8.3.1/../../../../pic32c/lib/thumb/v7e-m+fp/hard\libm-fast-emfloat.a(exp.o)
 .ARM.attributes
                0x0000000000002172       0x36 c:/program files/microchip/xc32/v4.60/bin/bin/../../lib/gcc/pic32c/8.3.1/../../../../pic32c/lib/thumb/v7e-m+fp/hard\libc-musl.a(isxdigit.o)
 .ARM.attributes
                0x00000000000021a8       0x36 c:/program files/microchip/xc32/v4.60/bin/bin/../../lib/gcc/pic32c/8.3.1/../../../../pic32c/lib/thumb/v7e-m+fp/hard\libc-musl.a(tolower.o)
 .ARM.attributes
                0x00000000000021de       0x36 c:/program files/microchip/xc32/v4.60/bin/bin/../../lib/gcc/pic32c/8.3.1/../../../../pic32c/lib/thumb/v7e-m+fp/hard\libc-musl.a(toupper.o)
 .ARM.attributes
                0x0000000000002214       0x36 c:/program files/microchip/xc32/v4.60/bin/bin/../../lib/gcc/pic32c/8.3.1/../../../../pic32c/lib/thumb/v7e-m+fp/hard\libc-musl.a(__libc_start_main.o)
 .ARM.attributes
                0x000000000000224a       0x34 c:/program files/microchip/xc32/v4.60/bin/bin/../../lib/gcc/pic32c/8.3.1/../../../../pic32c/lib/thumb/v7e-m+fp/hard\libc-musl.a(__errno_location.o)
 .ARM.attributes
                0x000000000000227e       0x34 c:/program files/microchip/xc32/v4.60/bin/bin/../../lib/gcc/pic32c/8.3.1/../../../../pic32c/lib/thumb/v7e-m+fp/hard\libc-musl.a(libc.o)
 .ARM.attributes
                0x00000000000022b2       0x36 c:/program files/microchip/xc32/v4.60/bin/bin/../../lib/gcc/pic32c/8.3.1/../../../../pic32c/lib/thumb/v7e-m+fp/hard\libc-musl.a(expand_heap.o)
 .ARM.attributes
                0x00000000000022e8       0x36 c:/program files/microchip/xc32/v4.60/bin/bin/../../lib/gcc/pic32c/8.3.1/../../../../pic32c/lib/thumb/v7e-m+fp/hard\libc-musl.a(rand.o)
 .ARM.attributes
                0x000000000000231e       0x36 c:/program files/microchip/xc32/v4.60/bin/bin/../../lib/gcc/pic32c/8.3.1/../../../../pic32c/lib/thumb/v7e-m+fp/hard\libc-musl.a(vsnprintf.o)
 .ARM.attributes
                0x0000000000002354       0x36 c:/program files/microchip/xc32/v4.60/bin/bin/../../lib/gcc/pic32c/8.3.1/../../../../pic32c/lib/thumb/v7e-m+fp/hard\libc-musl.a(snprintf.o)
 .ARM.attributes
                0x000000000000238a       0x36 c:/program files/microchip/xc32/v4.60/bin/bin/../../lib/gcc/pic32c/8.3.1/../../../../pic32c/lib/thumb/v7e-m+fp/hard\libc-musl.a(sprintf.o)
 .ARM.attributes
                0x00000000000023c0       0x36 c:/program files/microchip/xc32/v4.60/bin/bin/../../lib/gcc/pic32c/8.3.1/../../../../pic32c/lib/thumb/v7e-m+fp/hard\libc-musl.a(vsprintf.o)
 .ARM.attributes
                0x00000000000023f6       0x36 c:/program files/microchip/xc32/v4.60/bin/bin/../../lib/gcc/pic32c/8.3.1/../../../../pic32c/lib/thumb/v7e-m+fp/hard\libc-musl.a(strtol.o)
 .ARM.attributes
                0x000000000000242c       0x34 c:/program files/microchip/xc32/v4.60/bin/bin/../../lib/gcc/pic32c/8.3.1/../../../../pic32c/lib/thumb/v7e-m+fp/hard\libc-musl.a(__environ.o)
 .ARM.attributes
                0x0000000000002460       0x36 c:/program files/microchip/xc32/v4.60/bin/bin/../../lib/gcc/pic32c/8.3.1/../../../../pic32c/lib/thumb/v7e-m+fp/hard\libc-musl.a(intscan.o)
 .ARM.attributes
                0x0000000000002496       0x36 c:/program files/microchip/xc32/v4.60/bin/bin/../../lib/gcc/pic32c/8.3.1/../../../../pic32c/lib/thumb/v7e-m+fp/hard\libc-musl.a(shgetc.o)
 .ARM.attributes
                0x00000000000024cc       0x36 c:/program files/microchip/xc32/v4.60/bin/bin/../../lib/gcc/pic32c/8.3.1/../../../../pic32c/lib/thumb/v7e-m+fp/hard\libc-musl.a(__uflow.o)
 .ARM.attributes
                0x0000000000002502       0x36 c:/program files/microchip/xc32/v4.60/bin/bin/../../lib/gcc/pic32c/8.3.1/../../../../pic32c/lib/thumb/v7e-m+fp/hard\libc-musl.a(vfprintf.o)
 .ARM.attributes
                0x0000000000002538       0x36 c:/program files/microchip/xc32/v4.60/bin/bin/../../lib/gcc/pic32c/8.3.1/../../../../pic32c/lib/thumb/v7e-m+fp/hard\libc-musl.a(__toread.o)
 .ARM.attributes
                0x000000000000256e       0x36 c:/program files/microchip/xc32/v4.60/bin/bin/../../lib/gcc/pic32c/8.3.1/../../../../pic32c/lib/thumb/v7e-m+fp/hard\libc-musl.a(__pop_float.o)
 .ARM.attributes
                0x00000000000025a4       0x36 c:/program files/microchip/xc32/v4.60/bin/bin/../../lib/gcc/pic32c/8.3.1/../../../../pic32c/lib/thumb/v7e-m+fp/hard\libc-musl.a(__pop_int.o)
 .ARM.attributes
                0x00000000000025da       0x36 c:/program files/microchip/xc32/v4.60/bin/bin/../../lib/gcc/pic32c/8.3.1/../../../../pic32c/lib/thumb/v7e-m+fp/hard\libc-musl.a(__pop_ptr.o)
 .ARM.attributes
                0x0000000000002610       0x36 c:/program files/microchip/xc32/v4.60/bin/bin/../../lib/gcc/pic32c/8.3.1/../../../../pic32c/lib/thumb/v7e-m+fp/hard\libc-musl.a(__printf_core.o)
 .ARM.attributes
                0x0000000000002646       0x36 c:/program files/microchip/xc32/v4.60/bin/bin/../../lib/gcc/pic32c/8.3.1/../../../../pic32c/lib/thumb/v7e-m+fp/hard\libc-musl.a(atoi.o)
 .ARM.attributes
                0x000000000000267c       0x36 c:/program files/microchip/xc32/v4.60/bin/bin/../../lib/gcc/pic32c/8.3.1/../../../../pic32c/lib/thumb/v7e-m+fp/hard\libc-musl.a(__fmt_a.o)
 .ARM.attributes
                0x00000000000026b2       0x36 c:/program files/microchip/xc32/v4.60/bin/bin/../../lib/gcc/pic32c/8.3.1/../../../../pic32c/lib/thumb/v7e-m+fp/hard\libc-musl.a(__fmt_d.o)
 .ARM.attributes
                0x00000000000026e8       0x36 c:/program files/microchip/xc32/v4.60/bin/bin/../../lib/gcc/pic32c/8.3.1/../../../../pic32c/lib/thumb/v7e-m+fp/hard\libc-musl.a(__fmt_fp.o)
 .ARM.attributes
                0x000000000000271e       0x36 c:/program files/microchip/xc32/v4.60/bin/bin/../../lib/gcc/pic32c/8.3.1/../../../../pic32c/lib/thumb/v7e-m+fp/hard\libc-musl.a(__fmt_o.o)
 .ARM.attributes
                0x0000000000002754       0x36 c:/program files/microchip/xc32/v4.60/bin/bin/../../lib/gcc/pic32c/8.3.1/../../../../pic32c/lib/thumb/v7e-m+fp/hard\libc-musl.a(__fmt_s.o)
 .ARM.attributes
                0x000000000000278a       0x36 c:/program files/microchip/xc32/v4.60/bin/bin/../../lib/gcc/pic32c/8.3.1/../../../../pic32c/lib/thumb/v7e-m+fp/hard\libc-musl.a(__fmt_u.o)
 .ARM.attributes
                0x00000000000027c0       0x36 c:/program files/microchip/xc32/v4.60/bin/bin/../../lib/gcc/pic32c/8.3.1/../../../../pic32c/lib/thumb/v7e-m+fp/hard\libc-musl.a(__fmt_x.o)
 .ARM.attributes
                0x00000000000027f6       0x36 c:/program files/microchip/xc32/v4.60/bin/bin/../../lib/gcc/pic32c/8.3.1/../../../../pic32c/lib/thumb/v7e-m+fp/hard\libc-musl.a(__cvt_u.o)
 .ARM.attributes
                0x000000000000282c       0x34 c:/program files/microchip/xc32/v4.60/bin/bin/../../lib/gcc/pic32c/8.3.1/../../../../pic32c/lib/thumb/v7e-m+fp/hard\libm-fast-emfloat.a(fma.o)
 .ARM.attributes
                0x0000000000002860       0x34 c:/program files/microchip/xc32/v4.60/bin/bin/../../lib/gcc/pic32c/8.3.1/../../../../pic32c/lib/thumb/v7e-m+fp/hard\libm-fast-emfloat.a(floor.o)
 .ARM.attributes
                0x0000000000002894       0x20 c:/program files/microchip/xc32/v4.60/bin/bin/../../lib/gcc/pic32c/8.3.1/../../../../pic32c/lib/thumb/v7e-m+fp/hard\libm-fast-emfloat.a(__aeabi_dcmple.o)
 .ARM.attributes
                0x00000000000028b4       0x1e c:/program files/microchip/xc32/v4.60/bin/bin/../../lib/gcc/pic32c/8.3.1/thumb/v7e-m+fp/hard\libgcc.a(_aeabi_uldivmod.o)
 .ARM.attributes
                0x00000000000028d2       0x34 c:/program files/microchip/xc32/v4.60/bin/bin/../../lib/gcc/pic32c/8.3.1/thumb/v7e-m+fp/hard\libgcc.a(_udivmoddi4.o)
 .ARM.attributes
                0x0000000000002906       0x1e c:/program files/microchip/xc32/v4.60/bin/bin/../../lib/gcc/pic32c/8.3.1/thumb/v7e-m+fp/hard\libgcc.a(_dvmd_tls.o)
 .ARM.attributes
                0x0000000000002924       0x34 c:/program files/microchip/xc32/v4.60/bin/bin/../../lib/gcc/pic32c/8.3.1/../../../../pic32c/lib/thumb/v7e-m+fp/hard\libpic32c.a(sbrk.o)
 .ARM.attributes
                0x0000000000002958       0x36 c:/program files/microchip/xc32/v4.60/bin/bin/../../lib/gcc/pic32c/8.3.1/../../../../pic32c/lib/thumb/v7e-m+fp/hard\libc-size-musl.a(strcpy.o)
 .ARM.attributes
                0x000000000000298e       0x36 c:/program files/microchip/xc32/v4.60/bin/bin/../../lib/gcc/pic32c/8.3.1/../../../../pic32c/lib/thumb/v7e-m+fp/hard\libc-size-musl.a(stpcpy.o)
 .ARM.attributes
                0x00000000000029c4       0x1e c:/program files/microchip/xc32/v4.60/bin/bin/../../lib/gcc/pic32c/8.3.1/thumb/v7e-m+fp/hard/crtn.o
 .ARM.attributes
                0x00000000000029e2       0x34 c:/program files/microchip/xc32/v4.60/bin/bin/../../lib/gcc/pic32c/8.3.1/../../../../pic32c/lib/thumb/v7e-m+fp/hard\libpic32c.a(pic32_data_init_clear.o)
 .ARM.attributes
                0x0000000000002a16       0x34 c:/program files/microchip/xc32/v4.60/bin/bin/../../lib/gcc/pic32c/8.3.1/../../../../pic32c/lib/thumb/v7e-m+fp/hard\libpic32c.a(pic32_data_init_copy.o)

.comment        0x0000000000000000       0xd4
 .comment       0x0000000000000000       0x2b c:/program files/microchip/xc32/v4.60/bin/bin/../../lib/gcc/pic32c/8.3.1/thumb/v7e-m+fp/hard/crtbegin.o
                                         0x2c (size before relaxing)
 .comment       0x000000000000002b       0x2c build/default/production/_ext/1434821282/bsp.o
 .comment       0x000000000000002b       0x2c build/default/production/_ext/1726652707/MCHP_Crypto_Aead_WolfCryptWrapper.o
 .comment       0x000000000000002b       0x2c build/default/production/_ext/1726652707/MCHP_Crypto_Mac_WolfCryptWrapper.o
 .comment       0x000000000000002b       0x2c build/default/production/_ext/1726652707/MCHP_Crypto_Sym_WolfcryptWrapper.o
 .comment       0x000000000000002b       0x2c build/default/production/_ext/1726652707/MCHP_Crypto_Aead_Cipher.o
 .comment       0x000000000000002b       0x2c build/default/production/_ext/1726652707/MCHP_Crypto_Mac_Cipher.o
 .comment       0x000000000000002b       0x2c build/default/production/_ext/1726652707/MCHP_Crypto_Sym_Cipher.o
 .comment       0x000000000000002b       0x2c build/default/production/_ext/745501718/pal.o
 .comment       0x000000000000002b       0x2c build/default/production/_ext/957911548/phy_ed_end_cb.o
 .comment       0x000000000000002b       0x2c build/default/production/_ext/957911548/phy_task.o
 .comment       0x000000000000002b       0x2c build/default/production/_ext/957911548/phy_rx_frame_cb.o
 .comment       0x000000000000002b       0x2c build/default/production/_ext/1374435801/bmm.o
 .comment       0x000000000000002b       0x2c build/default/production/_ext/874725666/qmm.o
 .comment       0x000000000000002b       0x2c build/default/production/_ext/1014741959/drv_plc_boot.o
 .comment       0x000000000000002b       0x2c build/default/production/_ext/1014741959/drv_plc_hal.o
 .comment       0x000000000000002b       0x2c build/default/production/_ext/410113559/drv_g3_macrt_local_comm.o
 .comment       0x000000000000002b       0x2c build/default/production/_ext/410113559/drv_g3_macrt.o
 .comment       0x000000000000002b       0x2c build/default/production/_ext/1033058136/helpers.o
 .comment       0x000000000000002b       0x2c build/default/production/_ext/1033058136/tcpip_notify.o
 .comment       0x000000000000002b       0x2c build/default/production/_ext/1033058136/ndp.o
 .comment       0x000000000000002b       0x2c build/default/production/_ext/1033058136/udp.o
 .comment       0x000000000000002b       0x2c build/default/production/_ext/1033058136/tcpip_packet.o
 .comment       0x000000000000002b       0x2c build/default/production/_ext/1033058136/ipv6.o
 .comment       0x000000000000002b       0x2c build/default/production/_ext/1033058136/icmpv6.o
 .comment       0x000000000000002b       0x2c build/default/production/_ext/1033058136/tcpip_manager.o
 .comment       0x000000000000002b       0x2c build/default/production/_ext/1033058136/tcpip_helpers.o
 .comment       0x000000000000002b       0x2c build/default/production/_ext/1033058136/tcpip_heap_alloc.o
 .comment       0x000000000000002b       0x2c build/default/production/_ext/1033058136/tcpip_heap_internal.o
 .comment       0x000000000000002b       0x2c build/default/production/_ext/1529399856/osal_freertos.o
 .comment       0x000000000000002b       0x2c build/default/production/_ext/1529399856/osal_freertos_extend.o
 .comment       0x000000000000002b       0x2c build/default/production/_ext/60165520/plib_clk.o
 .comment       0x000000000000002b       0x2c build/default/production/_ext/1865161661/plib_dmac.o
 .comment       0x000000000000002b       0x2c build/default/production/_ext/60167341/plib_eic.o
 .comment       0x000000000000002b       0x2c build/default/production/_ext/1986646378/plib_evsys.o
 .comment       0x000000000000002b       0x2c build/default/production/_ext/1865254177/plib_gpio.o
 .comment       0x000000000000002b       0x2c build/default/production/_ext/1865468468/plib_nvic.o
 .comment       0x000000000000002b       0x2c build/default/production/_ext/60176403/plib_nvm.o
 .comment       0x000000000000002b       0x2c build/default/production/_ext/17022449/plib_sercom2_spi_master.o
 .comment       0x000000000000002b       0x2c build/default/production/_ext/504274921/plib_sercom1_usart.o
 .comment       0x000000000000002b       0x2c build/default/production/_ext/829342655/plib_tc0.o
 .comment       0x000000000000002b       0x2c build/default/production/_ext/1865643529/plib_trng.o
 .comment       0x000000000000002b       0x2c build/default/production/_ext/60184501/plib_wdt.o
 .comment       0x000000000000002b       0x2c build/default/production/_ext/2064362748/srv_pcoup.o
 .comment       0x000000000000002b       0x2c build/default/production/_ext/2065812886/srv_queue.o
 .comment       0x000000000000002b       0x2c build/default/production/_ext/373899042/srv_random.o
 .comment       0x000000000000002b       0x2c build/default/production/_ext/2135967589/cipher_wrapper.o
 .comment       0x000000000000002b       0x2c build/default/production/_ext/2135967589/aes_wrapper.o
 .comment       0x000000000000002b       0x2c build/default/production/_ext/1534551086/lbp_encode_decode.o
 .comment       0x000000000000002b       0x2c build/default/production/_ext/1534551086/lbp_dev.o
 .comment       0x000000000000002b       0x2c build/default/production/_ext/1534551086/routing_wrapper.o
 .comment       0x000000000000002b       0x2c build/default/production/_ext/1534551086/eap_psk.o
 .comment       0x000000000000002b       0x2c build/default/production/_ext/1632721610/mac_common.o
 .comment       0x000000000000002b       0x2c build/default/production/_ext/1570337448/mac_wrapper.o
 .comment       0x000000000000002b       0x2c build/default/production/_ext/710515956/drv_mac_g3adp.o
 .comment       0x000000000000002b       0x2c build/default/production/_ext/977769160/pal_plc.o
 .comment       0x000000000000002b       0x2c build/default/production/_ext/1278466877/pal_rf.o
 .comment       0x000000000000002b       0x2c build/default/production/_ext/1832805299/sys_console_uart.o
 .comment       0x000000000000002b       0x2c build/default/production/_ext/1832805299/sys_console.o
 .comment       0x000000000000002b       0x2c build/default/production/_ext/944882569/sys_debug.o
 .comment       0x000000000000002b       0x2c build/default/production/_ext/14461671/sys_dma.o
 .comment       0x000000000000002b       0x2c build/default/production/_ext/1881668453/sys_int.o
 .comment       0x000000000000002b       0x2c build/default/production/_ext/101884895/sys_time.o
 .comment       0x000000000000002b       0x2c build/default/production/_ext/753841488/sys_time_h2_adapter.o
 .comment       0x000000000000002b       0x2c build/default/production/_ext/1171490990/tasks.o
 .comment       0x000000000000002b       0x2c build/default/production/_ext/1171490990/interrupts.o
 .comment       0x000000000000002b       0x2c build/default/production/_ext/1171490990/exceptions.o
 .comment       0x000000000000002b       0x2c build/default/production/_ext/1171490990/initialization.o
 .comment       0x000000000000002b       0x2c build/default/production/_ext/1171490990/startup_xc32.o
 .comment       0x000000000000002b       0x2c build/default/production/_ext/1171490990/freertos_hooks.o
 .comment       0x000000000000002b       0x2c build/default/production/_ext/246609638/port.o
 .comment       0x000000000000002b       0x2c build/default/production/_ext/1665200909/heap_4.o
 .comment       0x000000000000002b       0x2c build/default/production/_ext/404212886/list.o
 .comment       0x000000000000002b       0x2c build/default/production/_ext/404212886/FreeRTOS_tasks.o
 .comment       0x000000000000002b       0x2c build/default/production/_ext/404212886/queue.o
 .comment       0x000000000000002b       0x2c build/default/production/_ext/1716827871/cmac.o
 .comment       0x000000000000002b       0x2c build/default/production/_ext/1716827871/sha256.o
 .comment       0x000000000000002b       0x2c build/default/production/_ext/1716827871/random.o
 .comment       0x000000000000002b       0x2c build/default/production/_ext/1716827871/aes.o
 .comment       0x000000000000002b       0x2c build/default/production/_ext/1664057780/misc.o
 .comment       0x000000000000002b       0x2c build/default/production/_ext/1360937237/app_storage_wbz451h.o
 .comment       0x000000000000002b       0x2c build/default/production/_ext/1360937237/app_idle_task.o
 .comment       0x000000000000002b       0x2c build/default/production/_ext/1360937237/app_udp_responder.o
 .comment       0x000000000000002b       0x2c build/default/production/_ext/1360937237/app_tcpip_management.o
 .comment       0x000000000000002b       0x2c build/default/production/_ext/1360937237/app_g3_management.o
 .comment       0x000000000000002b       0x2c build/default/production/_ext/1360937237/main.o
 .comment       0x000000000000002b       0x2c build/default/production/_ext/1360937237/app_matrix_led.o
 .comment       0x000000000000002b       0x2b ../src/config/default/stack/g3/mac/mac_plc/g3_lib_mac_plc.a(MacLow.o)
                                         0x2c (size before relaxing)
 .comment       0x0000000000000056       0x2c ../src/config/default/stack/g3/mac/mac_plc/g3_lib_mac_plc.a(MacMib.o)
 .comment       0x0000000000000056       0x2c ../src/config/default/stack/g3/mac/mac_plc/g3_lib_mac_plc.a(MacSublayer.o)
 .comment       0x0000000000000056       0x2c ../src/config/default/stack/g3/mac/mac_plc/g3_lib_mac_plc.a(MacConstants.o)
 .comment       0x0000000000000056       0x2c ../src/config/default/stack/g3/adaptation/g3_lib_adp.a(Adp.o)
 .comment       0x0000000000000056       0x2c ../src/config/default/stack/g3/adaptation/g3_lib_adp.a(AdpCommon.o)
 .comment       0x0000000000000056       0x2c ../src/config/default/stack/g3/adaptation/g3_lib_adp.a(AdpData.o)
 .comment       0x0000000000000056       0x2c ../src/config/default/stack/g3/adaptation/g3_lib_adp.a(AdpDiscovery.o)
 .comment       0x0000000000000056       0x2c ../src/config/default/stack/g3/adaptation/g3_lib_adp.a(AdpGetSet.o)
 .comment       0x0000000000000056       0x2c ../src/config/default/stack/g3/adaptation/g3_lib_adp.a(AdpLbp.o)
 .comment       0x0000000000000056       0x2c ../src/config/default/stack/g3/adaptation/g3_lib_adp.a(AdpMacInterface.o)
 .comment       0x0000000000000056       0x2c ../src/config/default/stack/g3/adaptation/g3_lib_adp.a(AdpNetwork.o)
 .comment       0x0000000000000056       0x2c ../src/config/default/stack/g3/adaptation/g3_lib_adp.a(AdpReset.o)
 .comment       0x0000000000000056       0x2c ../src/config/default/stack/g3/adaptation/g3_lib_adp.a(AdpRouteDiscovery.o)
 .comment       0x0000000000000056       0x2c ../src/config/default/stack/g3/adaptation/g3_lib_adp.a(Proto6Lowpan.o)
 .comment       0x0000000000000056       0x2c ../src/config/default/stack/g3/adaptation/g3_lib_adp.a(ProtoRFC6282.o)
 .comment       0x0000000000000056       0x2c ../src/config/default/driver/lib/lib-ieee802154_phy_pic32cxbz-v1.2.0.a(phy.o)
 .comment       0x0000000000000056       0x2c ../src/config/default/driver/lib/lib-ieee802154_phy_pic32cxbz-v1.2.0.a(phy_ed.o)
 .comment       0x0000000000000056       0x2c ../src/config/default/driver/lib/lib-ieee802154_phy_pic32cxbz-v1.2.0.a(phy_helper.o)
 .comment       0x0000000000000056       0x2c ../src/config/default/driver/lib/lib-ieee802154_phy_pic32cxbz-v1.2.0.a(phy_init.o)
 .comment       0x0000000000000056       0x2c ../src/config/default/driver/lib/lib-ieee802154_phy_pic32cxbz-v1.2.0.a(phy_irq_handler.o)
 .comment       0x0000000000000056       0x2c ../src/config/default/driver/lib/lib-ieee802154_phy_pic32cxbz-v1.2.0.a(phy_pib.o)
 .comment       0x0000000000000056       0x2c ../src/config/default/driver/lib/lib-ieee802154_phy_pic32cxbz-v1.2.0.a(phy_pwr_mgmt.o)
 .comment       0x0000000000000056       0x2c ../src/config/default/driver/lib/lib-ieee802154_phy_pic32cxbz-v1.2.0.a(phy_rx.o)
 .comment       0x0000000000000056       0x2c ../src/config/default/driver/lib/lib-ieee802154_phy_pic32cxbz-v1.2.0.a(phy_rx_enable.o)
 .comment       0x0000000000000056       0x2c ../src/config/default/driver/lib/lib-ieee802154_phy_pic32cxbz-v1.2.0.a(phy_tx.o)
 .comment       0x0000000000000056       0x2c ../src/config/default/driver/lib/lib-ieee802154_phy_pic32cxbz-v1.2.0.a(tfa.o)
 .comment       0x0000000000000056       0x2c ../src/config/default/driver/lib/lib-ieee802154_phy_pic32cxbz-v1.2.0.a(phy_frame_handling.o)
 .comment       0x0000000000000056       0x2c ../src/config/default/stack/g3/adaptation/g3_lib_loadng.a(ProtoLoadNg.o)
 .comment       0x0000000000000056       0x2c ../src/config/default/stack/g3/adaptation/g3_lib_loadng.a(ProtoLoadNg_GetSet.o)
 .comment       0x0000000000000056       0x2c ../src/config/default/stack/g3/adaptation/g3_lib_loadng.a(ProtoLoadNg_RouteCost.o)
 .comment       0x0000000000000056       0x2c ../src/config/default/stack/g3/adaptation/g3_lib_loadng.a(ProtoLoadNg_RouteCost_CapacityMetric.o)
 .comment       0x0000000000000056       0x2c ../src/config/default/stack/g3/adaptation/g3_lib_loadng.a(ProtoLoadNg_RouteCost_CompositeMetric.o)
 .comment       0x0000000000000056       0x2c ../src/config/default/stack/g3/adaptation/g3_lib_loadng.a(ProtoLoadNg_RouteCost_HopCount.o)
 .comment       0x0000000000000056       0x2c ../src/config/default/stack/g3/mac/mac_rf/g3_lib_mac_rf.a(MacRfLow.o)
 .comment       0x0000000000000056       0x2c ../src/config/default/stack/g3/mac/mac_rf/g3_lib_mac_rf.a(MacRfMib.o)
 .comment       0x0000000000000056       0x2c ../src/config/default/stack/g3/mac/mac_rf/g3_lib_mac_rf.a(MacRfSublayer.o)
 .comment       0x0000000000000056       0x53 ../src/config/default/driver/pds/pds.a(wlPdsDataServer.o)
                                         0x54 (size before relaxing)
 .comment       0x00000000000000a9       0x54 ../src/config/default/driver/pds/pds.a(wlPdsInit.o)
 .comment       0x00000000000000a9       0x54 ../src/config/default/driver/pds/pds.a(D_Nv.o)
 .comment       0x00000000000000a9       0x54 ../src/config/default/driver/pds/pds.a(S_Nv-Chimera.o)
 .comment       0x00000000000000a9       0x2b ../src/config/default/driver/device_support/pic32cx_bz2_device_support.a(info_block.o)
                                         0x2c (size before relaxing)
 .comment       0x00000000000000d4       0x2c ../src/config/default/driver/device_support/pic32cx_bz2_device_support.a(rf_system.o)
 .comment       0x00000000000000d4       0x2c ../src/config/default/driver/device_support/pic32cx_bz2_device_support.a(info_block_plat.o)
 .comment       0x00000000000000d4       0x2c ../src/config/default/driver/device_support/pic32cx_bz2_device_support.a(pmu_dvr.o)
 .comment       0x00000000000000d4       0x2c ../src/config/default/driver/device_support/pic32cx_bz2_device_support.a(rf.o)
 .comment       0x00000000000000d4       0x2c c:/program files/microchip/xc32/v4.60/bin/bin/../../lib/gcc/pic32c/8.3.1/../../../../pic32c/lib/thumb/v7e-m+fp/hard\libpic32c.a(data_init.o)
 .comment       0x00000000000000d4       0x2c c:/program files/microchip/xc32/v4.60/bin/bin/../../lib/gcc/pic32c/8.3.1/../../../../pic32c/lib/thumb/v7e-m+fp/hard\libc-size-musl.a(memcmp.o)
 .comment       0x00000000000000d4       0x2c c:/program files/microchip/xc32/v4.60/bin/bin/../../lib/gcc/pic32c/8.3.1/../../../../pic32c/lib/thumb/v7e-m+fp/hard\libc-size-musl.a(memcpy.o)
 .comment       0x00000000000000d4       0x2c c:/program files/microchip/xc32/v4.60/bin/bin/../../lib/gcc/pic32c/8.3.1/../../../../pic32c/lib/thumb/v7e-m+fp/hard\libc-size-musl.a(memmove.o)
 .comment       0x00000000000000d4       0x2c c:/program files/microchip/xc32/v4.60/bin/bin/../../lib/gcc/pic32c/8.3.1/../../../../pic32c/lib/thumb/v7e-m+fp/hard\libc-size-musl.a(memset.o)
 .comment       0x00000000000000d4       0x2c c:/program files/microchip/xc32/v4.60/bin/bin/../../lib/gcc/pic32c/8.3.1/../../../../pic32c/lib/thumb/v7e-m+fp/hard\libc-size-musl.a(strlen.o)
 .comment       0x00000000000000d4       0x2c c:/program files/microchip/xc32/v4.60/bin/bin/../../lib/gcc/pic32c/8.3.1/../../../../pic32c/lib/thumb/v7e-m+fp/hard\libc-size-musl.a(strcmp.o)
 .comment       0x00000000000000d4       0x2c c:/program files/microchip/xc32/v4.60/bin/bin/../../lib/gcc/pic32c/8.3.1/../../../../pic32c/lib/thumb/v7e-m+fp/hard\libc-size-musl.a(strncpy.o)
 .comment       0x00000000000000d4       0x2c c:/program files/microchip/xc32/v4.60/bin/bin/../../lib/gcc/pic32c/8.3.1/../../../../pic32c/lib/thumb/v7e-m+fp/hard\libc-size-musl.a(strrchr.o)
 .comment       0x00000000000000d4       0x2c c:/program files/microchip/xc32/v4.60/bin/bin/../../lib/gcc/pic32c/8.3.1/../../../../pic32c/lib/thumb/v7e-m+fp/hard\libc-size-musl.a(memrchr.o)
 .comment       0x00000000000000d4       0x2c c:/program files/microchip/xc32/v4.60/bin/bin/../../lib/gcc/pic32c/8.3.1/../../../../pic32c/lib/thumb/v7e-m+fp/hard\libc-size-musl.a(stpncpy.o)
 .comment       0x00000000000000d4       0x2c c:/program files/microchip/xc32/v4.60/bin/bin/../../lib/gcc/pic32c/8.3.1/../../../../pic32c/lib/thumb/v7e-m+fp/hard\liblmalloc-musl.a(lite_free.o)
 .comment       0x00000000000000d4       0x2c c:/program files/microchip/xc32/v4.60/bin/bin/../../lib/gcc/pic32c/8.3.1/../../../../pic32c/lib/thumb/v7e-m+fp/hard\liblmalloc-musl.a(lite_malloc.o)
 .comment       0x00000000000000d4       0x2c c:/program files/microchip/xc32/v4.60/bin/bin/../../lib/gcc/pic32c/8.3.1/../../../../pic32c/lib/thumb/v7e-m+fp/hard\libm-fast-emfloat.a(round.o)
 .comment       0x00000000000000d4       0x2c c:/program files/microchip/xc32/v4.60/bin/bin/../../lib/gcc/pic32c/8.3.1/../../../../pic32c/lib/thumb/v7e-m+fp/hard\libm-fast-emfloat.a(log.o)
 .comment       0x00000000000000d4       0x2c c:/program files/microchip/xc32/v4.60/bin/bin/../../lib/gcc/pic32c/8.3.1/../../../../pic32c/lib/thumb/v7e-m+fp/hard\libm-fast-emfloat.a(pow.o)
 .comment       0x00000000000000d4       0x2c c:/program files/microchip/xc32/v4.60/bin/bin/../../lib/gcc/pic32c/8.3.1/../../../../pic32c/lib/thumb/v7e-m+fp/hard\libm-fast-emfloat.a(__SEGGER_RTL_float64_Log.o)
 .comment       0x00000000000000d4       0x2c c:/program files/microchip/xc32/v4.60/bin/bin/../../lib/gcc/pic32c/8.3.1/../../../../pic32c/lib/thumb/v7e-m+fp/hard\libm-fast-emfloat.a(__SEGGER_RTL_float64_PolyEvalP.o)
 .comment       0x00000000000000d4       0x2c c:/program files/microchip/xc32/v4.60/bin/bin/../../lib/gcc/pic32c/8.3.1/../../../../pic32c/lib/thumb/v7e-m+fp/hard\libm-fast-emfloat.a(__SEGGER_RTL_float64_PolyEvalQ.o)
 .comment       0x00000000000000d4       0x2c c:/program files/microchip/xc32/v4.60/bin/bin/../../lib/gcc/pic32c/8.3.1/../../../../pic32c/lib/thumb/v7e-m+fp/hard\libm-fast-emfloat.a(ldexp.o)
 .comment       0x00000000000000d4       0x2c c:/program files/microchip/xc32/v4.60/bin/bin/../../lib/gcc/pic32c/8.3.1/../../../../pic32c/lib/thumb/v7e-m+fp/hard\libm-fast-emfloat.a(frexp.o)
 .comment       0x00000000000000d4       0x2c c:/program files/microchip/xc32/v4.60/bin/bin/../../lib/gcc/pic32c/8.3.1/../../../../pic32c/lib/thumb/v7e-m+fp/hard\libm-fast-emfloat.a(exp.o)
 .comment       0x00000000000000d4       0x2c c:/program files/microchip/xc32/v4.60/bin/bin/../../lib/gcc/pic32c/8.3.1/../../../../pic32c/lib/thumb/v7e-m+fp/hard\libc-musl.a(isxdigit.o)
 .comment       0x00000000000000d4       0x2c c:/program files/microchip/xc32/v4.60/bin/bin/../../lib/gcc/pic32c/8.3.1/../../../../pic32c/lib/thumb/v7e-m+fp/hard\libc-musl.a(tolower.o)
 .comment       0x00000000000000d4       0x2c c:/program files/microchip/xc32/v4.60/bin/bin/../../lib/gcc/pic32c/8.3.1/../../../../pic32c/lib/thumb/v7e-m+fp/hard\libc-musl.a(toupper.o)
 .comment       0x00000000000000d4       0x2c c:/program files/microchip/xc32/v4.60/bin/bin/../../lib/gcc/pic32c/8.3.1/../../../../pic32c/lib/thumb/v7e-m+fp/hard\libc-musl.a(__libc_start_main.o)
 .comment       0x00000000000000d4       0x2c c:/program files/microchip/xc32/v4.60/bin/bin/../../lib/gcc/pic32c/8.3.1/../../../../pic32c/lib/thumb/v7e-m+fp/hard\libc-musl.a(__errno_location.o)
 .comment       0x00000000000000d4       0x2c c:/program files/microchip/xc32/v4.60/bin/bin/../../lib/gcc/pic32c/8.3.1/../../../../pic32c/lib/thumb/v7e-m+fp/hard\libc-musl.a(libc.o)
 .comment       0x00000000000000d4       0x2c c:/program files/microchip/xc32/v4.60/bin/bin/../../lib/gcc/pic32c/8.3.1/../../../../pic32c/lib/thumb/v7e-m+fp/hard\libc-musl.a(expand_heap.o)
 .comment       0x00000000000000d4       0x2c c:/program files/microchip/xc32/v4.60/bin/bin/../../lib/gcc/pic32c/8.3.1/../../../../pic32c/lib/thumb/v7e-m+fp/hard\libc-musl.a(rand.o)
 .comment       0x00000000000000d4       0x2c c:/program files/microchip/xc32/v4.60/bin/bin/../../lib/gcc/pic32c/8.3.1/../../../../pic32c/lib/thumb/v7e-m+fp/hard\libc-musl.a(vsnprintf.o)
 .comment       0x00000000000000d4       0x2c c:/program files/microchip/xc32/v4.60/bin/bin/../../lib/gcc/pic32c/8.3.1/../../../../pic32c/lib/thumb/v7e-m+fp/hard\libc-musl.a(snprintf.o)
 .comment       0x00000000000000d4       0x2c c:/program files/microchip/xc32/v4.60/bin/bin/../../lib/gcc/pic32c/8.3.1/../../../../pic32c/lib/thumb/v7e-m+fp/hard\libc-musl.a(sprintf.o)
 .comment       0x00000000000000d4       0x2c c:/program files/microchip/xc32/v4.60/bin/bin/../../lib/gcc/pic32c/8.3.1/../../../../pic32c/lib/thumb/v7e-m+fp/hard\libc-musl.a(vsprintf.o)
 .comment       0x00000000000000d4       0x2c c:/program files/microchip/xc32/v4.60/bin/bin/../../lib/gcc/pic32c/8.3.1/../../../../pic32c/lib/thumb/v7e-m+fp/hard\libc-musl.a(strtol.o)
 .comment       0x00000000000000d4       0x2c c:/program files/microchip/xc32/v4.60/bin/bin/../../lib/gcc/pic32c/8.3.1/../../../../pic32c/lib/thumb/v7e-m+fp/hard\libc-musl.a(__environ.o)
 .comment       0x00000000000000d4       0x2c c:/program files/microchip/xc32/v4.60/bin/bin/../../lib/gcc/pic32c/8.3.1/../../../../pic32c/lib/thumb/v7e-m+fp/hard\libc-musl.a(intscan.o)
 .comment       0x00000000000000d4       0x2c c:/program files/microchip/xc32/v4.60/bin/bin/../../lib/gcc/pic32c/8.3.1/../../../../pic32c/lib/thumb/v7e-m+fp/hard\libc-musl.a(shgetc.o)
 .comment       0x00000000000000d4       0x2c c:/program files/microchip/xc32/v4.60/bin/bin/../../lib/gcc/pic32c/8.3.1/../../../../pic32c/lib/thumb/v7e-m+fp/hard\libc-musl.a(__uflow.o)
 .comment       0x00000000000000d4       0x2c c:/program files/microchip/xc32/v4.60/bin/bin/../../lib/gcc/pic32c/8.3.1/../../../../pic32c/lib/thumb/v7e-m+fp/hard\libc-musl.a(vfprintf.o)
 .comment       0x00000000000000d4       0x2c c:/program files/microchip/xc32/v4.60/bin/bin/../../lib/gcc/pic32c/8.3.1/../../../../pic32c/lib/thumb/v7e-m+fp/hard\libc-musl.a(__toread.o)
 .comment       0x00000000000000d4       0x2c c:/program files/microchip/xc32/v4.60/bin/bin/../../lib/gcc/pic32c/8.3.1/../../../../pic32c/lib/thumb/v7e-m+fp/hard\libc-musl.a(__pop_float.o)
 .comment       0x00000000000000d4       0x2c c:/program files/microchip/xc32/v4.60/bin/bin/../../lib/gcc/pic32c/8.3.1/../../../../pic32c/lib/thumb/v7e-m+fp/hard\libc-musl.a(__pop_int.o)
 .comment       0x00000000000000d4       0x2c c:/program files/microchip/xc32/v4.60/bin/bin/../../lib/gcc/pic32c/8.3.1/../../../../pic32c/lib/thumb/v7e-m+fp/hard\libc-musl.a(__pop_ptr.o)
 .comment       0x00000000000000d4       0x2c c:/program files/microchip/xc32/v4.60/bin/bin/../../lib/gcc/pic32c/8.3.1/../../../../pic32c/lib/thumb/v7e-m+fp/hard\libc-musl.a(__printf_core.o)
 .comment       0x00000000000000d4       0x2c c:/program files/microchip/xc32/v4.60/bin/bin/../../lib/gcc/pic32c/8.3.1/../../../../pic32c/lib/thumb/v7e-m+fp/hard\libc-musl.a(atoi.o)
 .comment       0x00000000000000d4       0x2c c:/program files/microchip/xc32/v4.60/bin/bin/../../lib/gcc/pic32c/8.3.1/../../../../pic32c/lib/thumb/v7e-m+fp/hard\libc-musl.a(__fmt_a.o)
 .comment       0x00000000000000d4       0x2c c:/program files/microchip/xc32/v4.60/bin/bin/../../lib/gcc/pic32c/8.3.1/../../../../pic32c/lib/thumb/v7e-m+fp/hard\libc-musl.a(__fmt_d.o)
 .comment       0x00000000000000d4       0x2c c:/program files/microchip/xc32/v4.60/bin/bin/../../lib/gcc/pic32c/8.3.1/../../../../pic32c/lib/thumb/v7e-m+fp/hard\libc-musl.a(__fmt_fp.o)
 .comment       0x00000000000000d4       0x2c c:/program files/microchip/xc32/v4.60/bin/bin/../../lib/gcc/pic32c/8.3.1/../../../../pic32c/lib/thumb/v7e-m+fp/hard\libc-musl.a(__fmt_o.o)
 .comment       0x00000000000000d4       0x2c c:/program files/microchip/xc32/v4.60/bin/bin/../../lib/gcc/pic32c/8.3.1/../../../../pic32c/lib/thumb/v7e-m+fp/hard\libc-musl.a(__fmt_s.o)
 .comment       0x00000000000000d4       0x2c c:/program files/microchip/xc32/v4.60/bin/bin/../../lib/gcc/pic32c/8.3.1/../../../../pic32c/lib/thumb/v7e-m+fp/hard\libc-musl.a(__fmt_u.o)
 .comment       0x00000000000000d4       0x2c c:/program files/microchip/xc32/v4.60/bin/bin/../../lib/gcc/pic32c/8.3.1/../../../../pic32c/lib/thumb/v7e-m+fp/hard\libc-musl.a(__fmt_x.o)
 .comment       0x00000000000000d4       0x2c c:/program files/microchip/xc32/v4.60/bin/bin/../../lib/gcc/pic32c/8.3.1/../../../../pic32c/lib/thumb/v7e-m+fp/hard\libc-musl.a(__cvt_u.o)
 .comment       0x00000000000000d4       0x2c c:/program files/microchip/xc32/v4.60/bin/bin/../../lib/gcc/pic32c/8.3.1/../../../../pic32c/lib/thumb/v7e-m+fp/hard\libm-fast-emfloat.a(fma.o)
 .comment       0x00000000000000d4       0x2c c:/program files/microchip/xc32/v4.60/bin/bin/../../lib/gcc/pic32c/8.3.1/../../../../pic32c/lib/thumb/v7e-m+fp/hard\libm-fast-emfloat.a(floor.o)
 .comment       0x00000000000000d4       0x2c c:/program files/microchip/xc32/v4.60/bin/bin/../../lib/gcc/pic32c/8.3.1/thumb/v7e-m+fp/hard\libgcc.a(_udivmoddi4.o)
 .comment       0x00000000000000d4       0x2c c:/program files/microchip/xc32/v4.60/bin/bin/../../lib/gcc/pic32c/8.3.1/../../../../pic32c/lib/thumb/v7e-m+fp/hard\libpic32c.a(sbrk.o)
 .comment       0x00000000000000d4       0x2c c:/program files/microchip/xc32/v4.60/bin/bin/../../lib/gcc/pic32c/8.3.1/../../../../pic32c/lib/thumb/v7e-m+fp/hard\libc-size-musl.a(strcpy.o)
 .comment       0x00000000000000d4       0x2c c:/program files/microchip/xc32/v4.60/bin/bin/../../lib/gcc/pic32c/8.3.1/../../../../pic32c/lib/thumb/v7e-m+fp/hard\libc-size-musl.a(stpcpy.o)
 .comment       0x00000000000000d4       0x2c c:/program files/microchip/xc32/v4.60/bin/bin/../../lib/gcc/pic32c/8.3.1/../../../../pic32c/lib/thumb/v7e-m+fp/hard\libpic32c.a(pic32_data_init_clear.o)
 .comment       0x00000000000000d4       0x2c c:/program files/microchip/xc32/v4.60/bin/bin/../../lib/gcc/pic32c/8.3.1/../../../../pic32c/lib/thumb/v7e-m+fp/hard\libpic32c.a(pic32_data_init_copy.o)

.debug_info     0x0000000000000000    0xb3670
 .debug_info    0x0000000000000000      0x452 build/default/production/_ext/1434821282/bsp.o
 .debug_info    0x0000000000000452     0x121c build/default/production/_ext/1726652707/MCHP_Crypto_Aead_WolfCryptWrapper.o
 .debug_info    0x000000000000166e      0xb6f build/default/production/_ext/1726652707/MCHP_Crypto_Mac_WolfCryptWrapper.o
 .debug_info    0x00000000000021dd      0xd96 build/default/production/_ext/1726652707/MCHP_Crypto_Sym_WolfcryptWrapper.o
 .debug_info    0x0000000000002f73      0xace build/default/production/_ext/1726652707/MCHP_Crypto_Aead_Cipher.o
 .debug_info    0x0000000000003a41      0x4cd build/default/production/_ext/1726652707/MCHP_Crypto_Mac_Cipher.o
 .debug_info    0x0000000000003f0e      0x6af build/default/production/_ext/1726652707/MCHP_Crypto_Sym_Cipher.o
 .debug_info    0x00000000000045bd      0xe7f build/default/production/_ext/745501718/pal.o
 .debug_info    0x000000000000543c       0xab build/default/production/_ext/957911548/phy_ed_end_cb.o
 .debug_info    0x00000000000054e7      0x1f5 build/default/production/_ext/957911548/phy_task.o
 .debug_info    0x00000000000056dc      0x20e build/default/production/_ext/957911548/phy_rx_frame_cb.o
 .debug_info    0x00000000000058ea      0x460 build/default/production/_ext/1374435801/bmm.o
 .debug_info    0x0000000000005d4a      0x4c2 build/default/production/_ext/874725666/qmm.o
 .debug_info    0x000000000000620c      0xfc0 build/default/production/_ext/1014741959/drv_plc_boot.o
 .debug_info    0x00000000000071cc     0x1421 build/default/production/_ext/1014741959/drv_plc_hal.o
 .debug_info    0x00000000000085ed     0x1b2a build/default/production/_ext/410113559/drv_g3_macrt_local_comm.o
 .debug_info    0x000000000000a117     0x129f build/default/production/_ext/410113559/drv_g3_macrt.o
 .debug_info    0x000000000000b3b6      0x3d9 build/default/production/_ext/1033058136/helpers.o
 .debug_info    0x000000000000b78f      0x868 build/default/production/_ext/1033058136/tcpip_notify.o
 .debug_info    0x000000000000bff7     0x4e99 build/default/production/_ext/1033058136/ndp.o
 .debug_info    0x0000000000010e90     0x741a build/default/production/_ext/1033058136/udp.o
 .debug_info    0x00000000000182aa     0x1eb3 build/default/production/_ext/1033058136/tcpip_packet.o
 .debug_info    0x000000000001a15d     0xa503 build/default/production/_ext/1033058136/ipv6.o
 .debug_info    0x0000000000024660     0x52d1 build/default/production/_ext/1033058136/icmpv6.o
 .debug_info    0x0000000000029931     0x9330 build/default/production/_ext/1033058136/tcpip_manager.o
 .debug_info    0x0000000000032c61     0x38ad build/default/production/_ext/1033058136/tcpip_helpers.o
 .debug_info    0x000000000003650e      0x634 build/default/production/_ext/1033058136/tcpip_heap_alloc.o
 .debug_info    0x0000000000036b42      0xf80 build/default/production/_ext/1033058136/tcpip_heap_internal.o
 .debug_info    0x0000000000037ac2      0x6ff build/default/production/_ext/1529399856/osal_freertos.o
 .debug_info    0x00000000000381c1      0x52c build/default/production/_ext/1529399856/osal_freertos_extend.o
 .debug_info    0x00000000000386ed      0xb71 build/default/production/_ext/60165520/plib_clk.o
 .debug_info    0x000000000003925e      0xb9a build/default/production/_ext/1865161661/plib_dmac.o
 .debug_info    0x0000000000039df8      0x390 build/default/production/_ext/60167341/plib_eic.o
 .debug_info    0x000000000003a188       0x97 build/default/production/_ext/1986646378/plib_evsys.o
 .debug_info    0x000000000003a21f     0x122d build/default/production/_ext/1865254177/plib_gpio.o
 .debug_info    0x000000000003b44c      0xd0e build/default/production/_ext/1865468468/plib_nvic.o
 .debug_info    0x000000000003c15a      0xe88 build/default/production/_ext/60176403/plib_nvm.o
 .debug_info    0x000000000003cfe2      0xf0d build/default/production/_ext/17022449/plib_sercom2_spi_master.o
 .debug_info    0x000000000003deef     0x19e5 build/default/production/_ext/504274921/plib_sercom1_usart.o
 .debug_info    0x000000000003f8d4      0x838 build/default/production/_ext/829342655/plib_tc0.o
 .debug_info    0x000000000004010c      0x1b4 build/default/production/_ext/1865643529/plib_trng.o
 .debug_info    0x00000000000402c0      0x1b5 build/default/production/_ext/60184501/plib_wdt.o
 .debug_info    0x0000000000040475      0xc9d build/default/production/_ext/2064362748/srv_pcoup.o
 .debug_info    0x0000000000041112      0x849 build/default/production/_ext/2065812886/srv_queue.o
 .debug_info    0x000000000004195b      0x319 build/default/production/_ext/373899042/srv_random.o
 .debug_info    0x0000000000041c74      0x8c7 build/default/production/_ext/2135967589/cipher_wrapper.o
 .debug_info    0x000000000004253b      0x304 build/default/production/_ext/2135967589/aes_wrapper.o
 .debug_info    0x000000000004283f      0x5a2 build/default/production/_ext/1534551086/lbp_encode_decode.o
 .debug_info    0x0000000000042de1     0x36b7 build/default/production/_ext/1534551086/lbp_dev.o
 .debug_info    0x0000000000046498     0x1b25 build/default/production/_ext/1534551086/routing_wrapper.o
 .debug_info    0x0000000000047fbd     0x13c5 build/default/production/_ext/1534551086/eap_psk.o
 .debug_info    0x0000000000049382      0xe2b build/default/production/_ext/1632721610/mac_common.o
 .debug_info    0x000000000004a1ad     0x3e63 build/default/production/_ext/1570337448/mac_wrapper.o
 .debug_info    0x000000000004e010     0x34f0 build/default/production/_ext/710515956/drv_mac_g3adp.o
 .debug_info    0x0000000000051500     0x1c4a build/default/production/_ext/977769160/pal_plc.o
 .debug_info    0x000000000005314a     0x1dfd build/default/production/_ext/1278466877/pal_rf.o
 .debug_info    0x0000000000054f47      0xda0 build/default/production/_ext/1832805299/sys_console_uart.o
 .debug_info    0x0000000000055ce7      0xbe4 build/default/production/_ext/1832805299/sys_console.o
 .debug_info    0x00000000000568cb      0x34c build/default/production/_ext/944882569/sys_debug.o
 .debug_info    0x0000000000056c17      0x2e7 build/default/production/_ext/14461671/sys_dma.o
 .debug_info    0x0000000000056efe      0x616 build/default/production/_ext/1881668453/sys_int.o
 .debug_info    0x0000000000057514     0x2070 build/default/production/_ext/101884895/sys_time.o
 .debug_info    0x0000000000059584      0x307 build/default/production/_ext/753841488/sys_time_h2_adapter.o
 .debug_info    0x000000000005988b      0x848 build/default/production/_ext/1171490990/tasks.o
 .debug_info    0x000000000005a0d3      0x559 build/default/production/_ext/1171490990/interrupts.o
 .debug_info    0x000000000005a62c      0x112 build/default/production/_ext/1171490990/exceptions.o
 .debug_info    0x000000000005a73e     0x3e80 build/default/production/_ext/1171490990/initialization.o
 .debug_info    0x000000000005e5be      0x55b build/default/production/_ext/1171490990/startup_xc32.o
 .debug_info    0x000000000005eb19      0x244 build/default/production/_ext/1171490990/freertos_hooks.o
 .debug_info    0x000000000005ed5d      0x416 build/default/production/_ext/246609638/port.o
 .debug_info    0x000000000005f173      0x687 build/default/production/_ext/1665200909/heap_4.o
 .debug_info    0x000000000005f7fa      0x2f7 build/default/production/_ext/404212886/list.o
 .debug_info    0x000000000005faf1     0x307e build/default/production/_ext/404212886/FreeRTOS_tasks.o
 .debug_info    0x0000000000062b6f     0x22d0 build/default/production/_ext/404212886/queue.o
 .debug_info    0x0000000000064e3f     0x15e0 build/default/production/_ext/1716827871/cmac.o
 .debug_info    0x000000000006641f     0x1c1c build/default/production/_ext/1716827871/sha256.o
 .debug_info    0x000000000006803b     0x2c79 build/default/production/_ext/1716827871/random.o
 .debug_info    0x000000000006acb4     0x9c22 build/default/production/_ext/1716827871/aes.o
 .debug_info    0x00000000000748d6     0x134f build/default/production/_ext/1664057780/misc.o
 .debug_info    0x0000000000075c25      0x6eb build/default/production/_ext/1360937237/app_storage_wbz451h.o